** Drc report for layout.kicad_pcb **
** Created on 2026-09-21T09:15:38 **
** Report includes: Errors, Warnings **

** Found 314 DRC violations **
[track_width]: Track width (board setup constraints min width 0.2000 mm; actual 0.1500 mm)
    Rule: netclass 'Default'; error
    @(84.4363 mm, 56.7798 mm): Track [SD_DAT1] on F.Cu, length 0.1348 mm
[track_width]: Track width (board setup constraints min width 0.2000 mm; actual 0.1500 mm)
    Rule: netclass 'Default'; error
    @(83.1500 mm, 56.4550 mm): Track [SD_DAT1] on F.Cu, length 0.8267 mm
[track_width]: Track width (board setup constraints min width 0.2000 mm; actual 0.1500 mm)
    Rule: netclass 'Default'; error
    @(84.3015 mm, 56.7798 mm): Track [SD_DAT1] on F.Cu, length 0.4593 mm
[track_width]: Track width (board setup constraints min width 0.2000 mm; actual 0.1500 mm)
    Rule: netclass 'Default'; error
    @(91.3144 mm, 70.8229 mm): Track [SD_DAT1] on F.Cu, length 0.2374 mm
[track_width]: Track width (board setup constraints min width 0.2000 mm; actual 0.1500 mm)
    Rule: netclass 'Default'; error
    @(91.4823 mm, 70.9908 mm): Track [SD_DAT1] on F.Cu, length 0.4106 mm
[track_width]: Track width (board setup constraints min width 0.2000 mm; actual 0.1500 mm)
    Rule: netclass 'Default'; error
    @(106.2698 mm, 53.9005 mm): Track [V3V3] on F.Cu, length 0.0097 mm
[track_width]: Track width (board setup constraints min width 0.2000 mm; actual 0.1200 mm)
    Rule: netclass 'Default'; error
    @(85.5000 mm, 76.5867 mm): Track [V3V3] on F.Cu, length 0.2793 mm
[track_width]: Track width (board setup constraints min width 0.2000 mm; actual 0.1500 mm)
    Rule: netclass 'Default'; error
    @(106.2698 mm, 53.9102 mm): Track [V3V3] on F.Cu, length 0.2694 mm
[track_width]: Track width (board setup constraints min width 0.2000 mm; actual 0.1200 mm)
    Rule: netclass 'Default'; error
    @(85.5000 mm, 76.0875 mm): Track [V3V3] on F.Cu, length 0.4992 mm
[track_width]: Track width (board setup constraints min width 0.2000 mm; actual 0.1000 mm)
    Rule: netclass 'Default'; error
    @(106.2698 mm, 53.6216 mm): Track [V3V3] on F.Cu, length 0.2789 mm
[track_width]: Track width (board setup constraints min width 0.2000 mm; actual 0.1000 mm)
    Rule: netclass 'Default'; error
    @(106.3009 mm, 53.5905 mm): Track [V3V3] on F.Cu, length 0.0440 mm
[track_width]: Track width (board setup constraints min width 0.2000 mm; actual 0.1500 mm)
    Rule: netclass 'Default'; error
    @(85.1822 mm, 76.6252 mm): Track [V3V3] on F.Cu, length 0.3288 mm
[track_width]: Track width (board setup constraints min width 0.2000 mm; actual 0.1200 mm)
    Rule: netclass 'Default'; error
    @(85.2207 mm, 76.5867 mm): Track [V3V3] on F.Cu, length 0.0544 mm
[track_width]: Track width (board setup constraints min width 0.2000 mm; actual 0.1200 mm)
    Rule: netclass 'Default'; error
    @(106.3009 mm, 52.4976 mm): Track [V3V3] on F.Cu, length 1.0929 mm
[track_width]: Track width (board setup constraints min width 0.2000 mm; actual 0.1500 mm)
    Rule: netclass 'Default'; error
    @(105.4417 mm, 89.9104 mm): Track [LED_5V] on F.Cu, length 0.2001 mm
[track_width]: Track width (board setup constraints min width 0.2000 mm; actual 0.1500 mm)
    Rule: netclass 'Default'; error
    @(93.5892 mm, 79.5342 mm): Track [LED_5V] on F.Cu, length 1.1395 mm
[track_width]: Track width (board setup constraints min width 0.2000 mm; actual 0.1500 mm)
    Rule: netclass 'Default'; error
    @(93.8348 mm, 79.7402 mm): Track [LED_5V] on F.Cu, length 0.9690 mm
[track_width]: Track width (board setup constraints min width 0.2000 mm; actual 0.1500 mm)
    Rule: netclass 'Default'; error
    @(105.4417 mm, 90.1933 mm): Track [LED_5V] on F.Cu, length 0.2829 mm
[track_width]: Track width (board setup constraints min width 0.2000 mm; actual 0.1500 mm)
    Rule: netclass 'Default'; error
    @(92.4497 mm, 79.7994 mm): Track [LED_5V] on F.Cu, length 0.2099 mm
[track_width]: Track width (board setup constraints min width 0.2000 mm; actual 0.1500 mm)
    Rule: netclass 'Default'; error
    @(99.2644 mm, 94.1893 mm): Track [GND] on F.Cu, length 0.2280 mm
[track_width]: Track width (board setup constraints min width 0.2000 mm; actual 0.1500 mm)
    Rule: netclass 'Default'; error
    @(99.2644 mm, 78.1893 mm): Track [GND] on F.Cu, length 0.5401 mm
[track_width]: Track width (board setup constraints min width 0.2000 mm; actual 0.1500 mm)
    Rule: netclass 'Default'; error
    @(90.7504 mm, 78.1152 mm): Track [GND] on F.Cu, length 0.1048 mm
[track_width]: Track width (board setup constraints min width 0.2000 mm; actual 0.1500 mm)
    Rule: netclass 'Default'; error
    @(86.6302 mm, 92.1998 mm): Track [GND] on F.Cu, length 2.3461 mm
[track_width]: Track width (board setup constraints min width 0.2000 mm; actual 0.1500 mm)
    Rule: netclass 'Default'; error
    @(106.7243 mm, 78.1893 mm): Track [GND] on F.Cu, length 0.9041 mm
[track_width]: Track width (board setup constraints min width 0.2000 mm; actual 0.1500 mm)
    Rule: netclass 'Default'; error
    @(107.2644 mm, 78.1893 mm): Track [GND] on F.Cu, length 0.5401 mm
[track_width]: Track width (board setup constraints min width 0.2000 mm; actual 0.1500 mm)
    Rule: netclass 'Default'; error
    @(111.8000 mm, 57.0000 mm): Track [GND] on F.Cu, length 0.6767 mm
[track_width]: Track width (board setup constraints min width 0.2000 mm; actual 0.1500 mm)
    Rule: netclass 'Default'; error
    @(87.0598 mm, 100.4652 mm): Track [GND] on F.Cu, length 0.1360 mm
[track_width]: Track width (board setup constraints min width 0.2000 mm; actual 0.1500 mm)
    Rule: netclass 'Default'; error
    @(84.9029 mm, 52.6754 mm): Track [GND] on F.Cu, length 0.3465 mm
[track_width]: Track width (board setup constraints min width 0.2000 mm; actual 0.1500 mm)
    Rule: netclass 'Default'; error
    @(94.7243 mm, 94.1893 mm): Track [GND] on F.Cu, length 0.9041 mm
[track_width]: Track width (board setup constraints min width 0.2000 mm; actual 0.1500 mm)
    Rule: netclass 'Default'; error
    @(94.4992 mm, 89.5500 mm): Track [GND] on F.Cu, length 0.1259 mm
[track_width]: Track width (board setup constraints min width 0.2000 mm; actual 0.1500 mm)
    Rule: netclass 'Default'; error
    @(110.8250 mm, 76.1508 mm): Track [GND] on F.Cu, length 1.6883 mm
[track_width]: Track width (board setup constraints min width 0.2000 mm; actual 0.1500 mm)
    Rule: netclass 'Default'; error
    @(102.3531 mm, 94.0339 mm): Track [GND] on F.Cu, length 0.2158 mm
[track_width]: Track width (board setup constraints min width 0.2000 mm; actual 0.1500 mm)
    Rule: netclass 'Default'; error
    @(106.7243 mm, 90.1893 mm): Track [GND] on F.Cu, length 0.9041 mm
[track_width]: Track width (board setup constraints min width 0.2000 mm; actual 0.1500 mm)
    Rule: netclass 'Default'; error
    @(113.4998 mm, 54.3687 mm): Track [GND] on F.Cu, length 1.5397 mm
[track_width]: Track width (board setup constraints min width 0.2000 mm; actual 0.1500 mm)
    Rule: netclass 'Default'; error
    @(90.7003 mm, 78.1653 mm): Track [GND] on F.Cu, length 0.8702 mm
[track_width]: Track width (board setup constraints min width 0.2000 mm; actual 0.1500 mm)
    Rule: netclass 'Default'; error
    @(98.7576 mm, 85.5500 mm): Track [GND] on F.Cu, length 0.6726 mm
[track_width]: Track width (board setup constraints min width 0.2000 mm; actual 0.1500 mm)
    Rule: netclass 'Default'; error
    @(98.3531 mm, 81.8181 mm): Track [GND] on F.Cu, length 0.3792 mm
[track_width]: Track width (board setup constraints min width 0.2000 mm; actual 0.1500 mm)
    Rule: netclass 'Default'; error
    @(106.3531 mm, 82.0339 mm): Track [GND] on F.Cu, length 0.2158 mm
[track_width]: Track width (board setup constraints min width 0.2000 mm; actual 0.1500 mm)
    Rule: netclass 'Default'; error
    @(94.0850 mm, 89.5500 mm): Track [GND] on F.Cu, length 0.2701 mm
[track_width]: Track width (board setup constraints min width 0.2000 mm; actual 0.1500 mm)
    Rule: netclass 'Default'; error
    @(87.7301 mm, 99.4345 mm): Track [GND] on F.Cu, length 0.5238 mm
[track_width]: Track width (board setup constraints min width 0.2000 mm; actual 0.1500 mm)
    Rule: netclass 'Default'; error
    @(107.2644 mm, 90.1893 mm): Track [GND] on F.Cu, length 0.5401 mm
[track_width]: Track width (board setup constraints min width 0.2000 mm; actual 0.1500 mm)
    Rule: netclass 'Default'; error
    @(85.2531 mm, 58.2302 mm): Track [GND] on F.Cu, length 0.9016 mm
[track_width]: Track width (board setup constraints min width 0.2000 mm; actual 0.1500 mm)
    Rule: netclass 'Default'; error
    @(102.3531 mm, 77.8181 mm): Track [GND] on F.Cu, length 0.3792 mm
[track_width]: Track width (board setup constraints min width 0.2000 mm; actual 0.1500 mm)
    Rule: netclass 'Default'; error
    @(87.0598 mm, 100.4651 mm): Track [GND] on F.Cu, length 0.0001 mm
[track_width]: Track width (board setup constraints min width 0.2000 mm; actual 0.1500 mm)
    Rule: netclass 'Default'; error
    @(98.3531 mm, 82.0339 mm): Track [GND] on F.Cu, length 0.2158 mm
[track_width]: Track width (board setup constraints min width 0.2000 mm; actual 0.1500 mm)
    Rule: netclass 'Default'; error
    @(113.9636 mm, 76.1508 mm): Track [GND] on F.Cu, length 0.7519 mm
[track_width]: Track width (board setup constraints min width 0.2000 mm; actual 0.1500 mm)
    Rule: netclass 'Default'; error
    @(90.7356 mm, 80.2668 mm): Track [GND] on F.Cu, length 0.2213 mm
[track_width]: Track width (board setup constraints min width 0.2000 mm; actual 0.1500 mm)
    Rule: netclass 'Default'; error
    @(98.9439 mm, 89.5500 mm): Track [GND] on F.Cu, length 0.0773 mm
[track_width]: Track width (board setup constraints min width 0.2000 mm; actual 0.1500 mm)
    Rule: netclass 'Default'; error
    @(102.3531 mm, 78.0339 mm): Track [GND] on F.Cu, length 0.2357 mm
[track_width]: Track width (board setup constraints min width 0.2000 mm; actual 0.1500 mm)
    Rule: netclass 'Default'; error
    @(90.8158 mm, 81.5500 mm): Track [GND] on F.Cu, length 0.7308 mm
[track_width]: Track width (board setup constraints min width 0.2000 mm; actual 0.1500 mm)
    Rule: netclass 'Default'; error
    @(91.2644 mm, 86.1893 mm): Track [GND] on F.Cu, length 0.0675 mm
[track_width]: Track width (board setup constraints min width 0.2000 mm; actual 0.1500 mm)
    Rule: netclass 'Default'; error
    @(102.7003 mm, 82.1653 mm): Track [GND] on F.Cu, length 0.8702 mm
[track_width]: Track width (board setup constraints min width 0.2000 mm; actual 0.1500 mm)
    Rule: netclass 'Default'; error
    @(99.0364 mm, 94.0339 mm): Track [GND] on F.Cu, length 0.4675 mm
[track_width]: Track width (board setup constraints min width 0.2000 mm; actual 0.1500 mm)
    Rule: netclass 'Default'; error
    @(107.1969 mm, 82.0339 mm): Track [GND] on F.Cu, length 0.6280 mm
[track_width]: Track width (board setup constraints min width 0.2000 mm; actual 0.1500 mm)
    Rule: netclass 'Default'; error
    @(110.6844 mm, 100.5000 mm): Track [GND] on F.Cu, length 1.1781 mm
[track_width]: Track width (board setup constraints min width 0.2000 mm; actual 0.1500 mm)
    Rule: netclass 'Default'; error
    @(106.7243 mm, 94.1893 mm): Track [GND] on F.Cu, length 0.9041 mm
[track_width]: Track width (board setup constraints min width 0.2000 mm; actual 0.1500 mm)
    Rule: netclass 'Default'; error
    @(103.1007 mm, 86.3895 mm): Track [GND] on F.Cu, length 0.0312 mm
[track_width]: Track width (board setup constraints min width 0.2000 mm; actual 0.1500 mm)
    Rule: netclass 'Default'; error
    @(95.2644 mm, 86.1893 mm): Track [GND] on F.Cu, length 0.2644 mm
[track_width]: Track width (board setup constraints min width 0.2000 mm; actual 0.1500 mm)
    Rule: netclass 'Default'; error
    @(106.7244 mm, 86.1893 mm): Track [GND] on F.Cu, length 0.0683 mm
[track_width]: Track width (board setup constraints min width 0.2000 mm; actual 0.1500 mm)
    Rule: netclass 'Default'; error
    @(90.1092 mm, 91.3224 mm): Track [GND] on F.Cu, length 1.2961 mm
[track_width]: Track width (board setup constraints min width 0.2000 mm; actual 0.1500 mm)
    Rule: netclass 'Default'; error
    @(87.2063 mm, 100.3187 mm): Track [GND] on F.Cu, length 0.2070 mm
[track_width]: Track width (board setup constraints min width 0.2000 mm; actual 0.1500 mm)
    Rule: netclass 'Default'; error
    @(103.0000 mm, 85.6599 mm): Track [GND] on F.Cu, length 0.8051 mm
[track_width]: Track width (board setup constraints min width 0.2000 mm; actual 0.1500 mm)
    Rule: netclass 'Default'; error
    @(98.3531 mm, 94.0339 mm): Track [GND] on F.Cu, length 0.2158 mm
[track_width]: Track width (board setup constraints min width 0.2000 mm; actual 0.1500 mm)
    Rule: netclass 'Default'; error
    @(89.9393 mm, 77.5500 mm): Track [GND] on F.Cu, length 1.6423 mm
[track_width]: Track width (board setup constraints min width 0.2000 mm; actual 0.1500 mm)
    Rule: netclass 'Default'; error
    @(103.1007 mm, 90.4313 mm): Track [GND] on F.Cu, length 0.2240 mm
[track_width]: Track width (board setup constraints min width 0.2000 mm; actual 0.1500 mm)
    Rule: netclass 'Default'; error
    @(112.5133 mm, 76.1508 mm): Track [GND] on F.Cu, length 0.4938 mm
[track_width]: Track width (board setup constraints min width 0.2000 mm; actual 0.1500 mm)
    Rule: netclass 'Default'; error
    @(102.1864 mm, 78.2006 mm): Track [GND] on F.Cu, length 1.1727 mm
[track_width]: Track width (board setup constraints min width 0.2000 mm; actual 0.1500 mm)
    Rule: netclass 'Default'; error
    @(102.5681 mm, 90.0331 mm): Track [GND] on F.Cu, length 0.6832 mm
[track_width]: Track width (board setup constraints min width 0.2000 mm; actual 0.1500 mm)
    Rule: netclass 'Default'; error
    @(106.3531 mm, 81.8181 mm): Track [GND] on F.Cu, length 0.3792 mm
[track_width]: Track width (board setup constraints min width 0.2000 mm; actual 0.1500 mm)
    Rule: netclass 'Default'; error
    @(103.0000 mm, 78.0339 mm): Track [GND] on F.Cu, length 0.4311 mm
[track_width]: Track width (board setup constraints min width 0.2000 mm; actual 0.1500 mm)
    Rule: netclass 'Default'; error
    @(99.2644 mm, 90.1893 mm): Track [GND] on F.Cu, length 0.1078 mm
[track_width]: Track width (board setup constraints min width 0.2000 mm; actual 0.1500 mm)
    Rule: netclass 'Default'; error
    @(98.9824 mm, 89.7890 mm): Track [GND] on F.Cu, length 0.0544 mm
[track_width]: Track width (board setup constraints min width 0.2000 mm; actual 0.1500 mm)
    Rule: netclass 'Default'; error
    @(98.9439 mm, 89.7505 mm): Track [GND] on F.Cu, length 0.2005 mm
[track_width]: Track width (board setup constraints min width 0.2000 mm; actual 0.1500 mm)
    Rule: netclass 'Default'; error
    @(88.2090 mm, 98.9556 mm): Track [GND] on F.Cu, length 0.6773 mm
[track_width]: Track width (board setup constraints min width 0.2000 mm; actual 0.1500 mm)
    Rule: netclass 'Default'; error
    @(98.3531 mm, 78.0339 mm): Track [GND] on F.Cu, length 0.2158 mm
[track_width]: Track width (board setup constraints min width 0.2000 mm; actual 0.1500 mm)
    Rule: netclass 'Default'; error
    @(95.0000 mm, 85.6599 mm): Track [GND] on F.Cu, length 0.8051 mm
[track_width]: Track width (board setup constraints min width 0.2000 mm; actual 0.1500 mm)
    Rule: netclass 'Default'; error
    @(85.4705 mm, 51.3246 mm): Track [GND] on F.Cu, length 0.9084 mm
[track_width]: Track width (board setup constraints min width 0.2000 mm; actual 0.1500 mm)
    Rule: netclass 'Default'; error
    @(113.2117 mm, 76.1508 mm): Track [GND] on F.Cu, length 0.4938 mm
[track_width]: Track width (board setup constraints min width 0.2000 mm; actual 0.1500 mm)
    Rule: netclass 'Default'; error
    @(107.2644 mm, 86.1893 mm): Track [GND] on F.Cu, length 0.5400 mm
[track_width]: Track width (board setup constraints min width 0.2000 mm; actual 0.1500 mm)
    Rule: netclass 'Default'; error
    @(92.4497 mm, 86.8000 mm): Track [GND] on F.Cu, length 0.9697 mm
[track_width]: Track width (board setup constraints min width 0.2000 mm; actual 0.1500 mm)
    Rule: netclass 'Default'; error
    @(113.4998 mm, 53.8438 mm): Track [GND] on F.Cu, length 0.5249 mm
[track_width]: Track width (board setup constraints min width 0.2000 mm; actual 0.1500 mm)
    Rule: netclass 'Default'; error
    @(102.7243 mm, 94.1893 mm): Track [GND] on F.Cu, length 0.2198 mm
[track_width]: Track width (board setup constraints min width 0.2000 mm; actual 0.1500 mm)
    Rule: netclass 'Default'; error
    @(107.2644 mm, 82.1893 mm): Track [GND] on F.Cu, length 0.0675 mm
[track_width]: Track width (board setup constraints min width 0.2000 mm; actual 0.1500 mm)
    Rule: netclass 'Default'; error
    @(102.3531 mm, 78.0339 mm): Track [GND] on F.Cu, length 0.2158 mm
[track_width]: Track width (board setup constraints min width 0.2000 mm; actual 0.1500 mm)
    Rule: netclass 'Default'; error
    @(86.6740 mm, 94.5897 mm): Track [GND] on F.Cu, length 0.6987 mm
[track_width]: Track width (board setup constraints min width 0.2000 mm; actual 0.1500 mm)
    Rule: netclass 'Default'; error
    @(112.9883 mm, 56.4884 mm): Track [GND] on F.Cu, length 0.7235 mm
[track_width]: Track width (board setup constraints min width 0.2000 mm; actual 0.1500 mm)
    Rule: netclass 'Default'; error
    @(85.4705 mm, 52.6754 mm): Track [GND] on F.Cu, length 0.5676 mm
[track_width]: Track width (board setup constraints min width 0.2000 mm; actual 0.1500 mm)
    Rule: netclass 'Default'; error
    @(95.2644 mm, 78.1893 mm): Track [GND] on F.Cu, length 0.5401 mm
[track_width]: Track width (board setup constraints min width 0.2000 mm; actual 0.1500 mm)
    Rule: netclass 'Default'; error
    @(98.7243 mm, 78.1893 mm): Track [GND] on F.Cu, length 0.2198 mm
[track_width]: Track width (board setup constraints min width 0.2000 mm; actual 0.1500 mm)
    Rule: netclass 'Default'; error
    @(90.8158 mm, 81.5142 mm): Track [GND] on F.Cu, length 0.0358 mm
[track_width]: Track width (board setup constraints min width 0.2000 mm; actual 0.1500 mm)
    Rule: netclass 'Default'; error
    @(84.5621 mm, 51.3246 mm): Track [GND] on F.Cu, length 0.1055 mm
[track_width]: Track width (board setup constraints min width 0.2000 mm; actual 0.1500 mm)
    Rule: netclass 'Default'; error
    @(90.8158 mm, 81.7407 mm): Track [GND] on F.Cu, length 0.6344 mm
[track_width]: Track width (board setup constraints min width 0.2000 mm; actual 0.1500 mm)
    Rule: netclass 'Default'; error
    @(94.1949 mm, 85.6599 mm): Track [GND] on F.Cu, length 0.1554 mm
[track_width]: Track width (board setup constraints min width 0.2000 mm; actual 0.1500 mm)
    Rule: netclass 'Default'; error
    @(93.9393 mm, 86.2006 mm): Track [GND] on F.Cu, length 1.4896 mm
[track_width]: Track width (board setup constraints min width 0.2000 mm; actual 0.1500 mm)
    Rule: netclass 'Default'; error
    @(99.2644 mm, 86.1893 mm): Track [GND] on F.Cu, length 0.2846 mm
[track_width]: Track width (board setup constraints min width 0.2000 mm; actual 0.1500 mm)
    Rule: netclass 'Default'; error
    @(95.2644 mm, 94.1893 mm): Track [GND] on F.Cu, length 0.5401 mm
[track_width]: Track width (board setup constraints min width 0.2000 mm; actual 0.1500 mm)
    Rule: netclass 'Default'; error
    @(94.7243 mm, 82.1893 mm): Track [GND] on F.Cu, length 0.9041 mm
[track_width]: Track width (board setup constraints min width 0.2000 mm; actual 0.1500 mm)
    Rule: netclass 'Default'; error
    @(98.7243 mm, 82.1893 mm): Track [GND] on F.Cu, length 0.2198 mm
[track_width]: Track width (board setup constraints min width 0.2000 mm; actual 0.1500 mm)
    Rule: netclass 'Default'; error
    @(98.3531 mm, 93.8181 mm): Track [GND] on F.Cu, length 0.3792 mm
[track_width]: Track width (board setup constraints min width 0.2000 mm; actual 0.1500 mm)
    Rule: netclass 'Default'; error
    @(102.1864 mm, 94.2006 mm): Track [GND] on F.Cu, length 1.1250 mm
[track_width]: Track width (board setup constraints min width 0.2000 mm; actual 0.1500 mm)
    Rule: netclass 'Default'; error
    @(87.2063 mm, 100.2812 mm): Track [GND] on F.Cu, length 0.0375 mm
[track_width]: Track width (board setup constraints min width 0.2000 mm; actual 0.1500 mm)
    Rule: netclass 'Default'; error
    @(103.1007 mm, 90.3895 mm): Track [GND] on F.Cu, length 0.0418 mm
[track_width]: Track width (board setup constraints min width 0.2000 mm; actual 0.1500 mm)
    Rule: netclass 'Default'; error
    @(83.1500 mm, 58.6050 mm): Track [GND] on F.Cu, length 0.8267 mm
[track_width]: Track width (board setup constraints min width 0.2000 mm; actual 0.1500 mm)
    Rule: netclass 'Default'; error
    @(102.9704 mm, 81.8952 mm): Track [GND] on F.Cu, length 0.4158 mm
[track_width]: Track width (board setup constraints min width 0.2000 mm; actual 0.1500 mm)
    Rule: netclass 'Default'; error
    @(103.0000 mm, 90.0331 mm): Track [GND] on F.Cu, length 0.3882 mm
[track_width]: Track width (board setup constraints min width 0.2000 mm; actual 0.1500 mm)
    Rule: netclass 'Default'; error
    @(102.1949 mm, 85.6599 mm): Track [GND] on F.Cu, length 0.1554 mm
[track_width]: Track width (board setup constraints min width 0.2000 mm; actual 0.1500 mm)
    Rule: netclass 'Default'; error
    @(98.3531 mm, 94.0339 mm): Track [GND] on F.Cu, length 0.2357 mm
[track_width]: Track width (board setup constraints min width 0.2000 mm; actual 0.1500 mm)
    Rule: netclass 'Default'; error
    @(98.3531 mm, 77.8181 mm): Track [GND] on F.Cu, length 0.3792 mm
[track_width]: Track width (board setup constraints min width 0.2000 mm; actual 0.1500 mm)
    Rule: netclass 'Default'; error
    @(103.1007 mm, 90.1893 mm): Track [GND] on F.Cu, length 0.1007 mm
[track_width]: Track width (board setup constraints min width 0.2000 mm; actual 0.1500 mm)
    Rule: netclass 'Default'; error
    @(84.3515 mm, 58.2302 mm): Track [GND] on F.Cu, length 0.5300 mm
[track_width]: Track width (board setup constraints min width 0.2000 mm; actual 0.1500 mm)
    Rule: netclass 'Default'; error
    @(107.2644 mm, 94.1893 mm): Track [GND] on F.Cu, length 0.5401 mm
[track_width]: Track width (board setup constraints min width 0.2000 mm; actual 0.1500 mm)
    Rule: netclass 'Default'; error
    @(99.1007 mm, 89.9073 mm): Track [GND] on F.Cu, length 0.1183 mm
[track_width]: Track width (board setup constraints min width 0.2000 mm; actual 0.1500 mm)
    Rule: netclass 'Default'; error
    @(89.4344 mm, 74.2760 mm): Track [GND] on F.Cu, length 1.3214 mm
[track_width]: Track width (board setup constraints min width 0.2000 mm; actual 0.1500 mm)
    Rule: netclass 'Default'; error
    @(91.1969 mm, 85.5500 mm): Track [GND] on F.Cu, length 1.1119 mm
[track_width]: Track width (board setup constraints min width 0.2000 mm; actual 0.1500 mm)
    Rule: netclass 'Default'; error
    @(90.1092 mm, 91.6401 mm): Track [GND] on F.Cu, length 0.1658 mm
[track_width]: Track width (board setup constraints min width 0.2000 mm; actual 0.1500 mm)
    Rule: netclass 'Default'; error
    @(94.6251 mm, 89.5500 mm): Track [GND] on F.Cu, length 0.9041 mm
[track_width]: Track width (board setup constraints min width 0.2000 mm; actual 0.1500 mm)
    Rule: netclass 'Default'; error
    @(112.9636 mm, 108.6508 mm): Track [GND] on F.Cu, length 0.7519 mm
[track_width]: Track width (board setup constraints min width 0.2000 mm; actual 0.1500 mm)
    Rule: netclass 'Default'; error
    @(103.2644 mm, 94.1893 mm): Track [GND] on F.Cu, length 0.5401 mm
[track_width]: Track width (board setup constraints min width 0.2000 mm; actual 0.1500 mm)
    Rule: netclass 'Default'; error
    @(98.9798 mm, 85.5500 mm): Track [GND] on F.Cu, length 0.2222 mm
[track_width]: Track width (board setup constraints min width 0.2000 mm; actual 0.1500 mm)
    Rule: netclass 'Default'; error
    @(98.1864 mm, 94.2006 mm): Track [GND] on F.Cu, length 0.8703 mm
[track_width]: Track width (board setup constraints min width 0.2000 mm; actual 0.1500 mm)
    Rule: netclass 'Default'; error
    @(103.2644 mm, 78.1893 mm): Track [GND] on F.Cu, length 0.2644 mm
[track_width]: Track width (board setup constraints min width 0.2000 mm; actual 0.1500 mm)
    Rule: netclass 'Default'; error
    @(90.1092 mm, 91.4743 mm): Track [GND] on F.Cu, length 0.1519 mm
[track_width]: Track width (board setup constraints min width 0.2000 mm; actual 0.1500 mm)
    Rule: netclass 'Default'; error
    @(106.6761 mm, 86.1410 mm): Track [GND] on F.Cu, length 0.8359 mm
[track_width]: Track width (board setup constraints min width 0.2000 mm; actual 0.1500 mm)
    Rule: netclass 'Default'; error
    @(90.5000 mm, 74.2760 mm): Track [GND] on F.Cu, length 1.0656 mm
[track_width]: Track width (board setup constraints min width 0.2000 mm; actual 0.1500 mm)
    Rule: netclass 'Default'; error
    @(99.2644 mm, 82.1893 mm): Track [GND] on F.Cu, length 0.5401 mm
[track_width]: Track width (board setup constraints min width 0.2000 mm; actual 0.1500 mm)
    Rule: netclass 'Default'; error
    @(112.2117 mm, 108.6508 mm): Track [GND] on F.Cu, length 0.4938 mm
[track_width]: Track width (board setup constraints min width 0.2000 mm; actual 0.1500 mm)
    Rule: netclass 'Default'; error
    @(86.6302 mm, 94.5459 mm): Track [GND] on F.Cu, length 0.0619 mm
[track_width]: Track width (board setup constraints min width 0.2000 mm; actual 0.1500 mm)
    Rule: netclass 'Default'; error
    @(94.0850 mm, 78.0059 mm): Track [GND] on F.Cu, length 0.4559 mm
[track_width]: Track width (board setup constraints min width 0.2000 mm; actual 0.1500 mm)
    Rule: netclass 'Default'; error
    @(102.3531 mm, 93.8181 mm): Track [GND] on F.Cu, length 0.3792 mm
[track_width]: Track width (board setup constraints min width 0.2000 mm; actual 0.1500 mm)
    Rule: netclass 'Default'; error
    @(95.2644 mm, 82.1893 mm): Track [GND] on F.Cu, length 0.5401 mm
[track_width]: Track width (board setup constraints min width 0.2000 mm; actual 0.1500 mm)
    Rule: netclass 'Default'; error
    @(94.7243 mm, 78.1893 mm): Track [GND] on F.Cu, length 0.2594 mm
[track_width]: Track width (board setup constraints min width 0.2000 mm; actual 0.1500 mm)
    Rule: netclass 'Default'; error
    @(90.8245 mm, 78.1893 mm): Track [GND] on F.Cu, length 0.4399 mm
[track_width]: Track width (board setup constraints min width 0.2000 mm; actual 0.1500 mm)
    Rule: netclass 'Default'; error
    @(102.3531 mm, 94.0339 mm): Track [GND] on F.Cu, length 0.2357 mm
[track_width]: Track width (board setup constraints min width 0.2000 mm; actual 0.1500 mm)
    Rule: netclass 'Default'; error
    @(90.8158 mm, 81.5500 mm): Track [GND] on F.Cu, length 0.1907 mm
[track_width]: Track width (board setup constraints min width 0.2000 mm; actual 0.1500 mm)
    Rule: netclass 'Default'; error
    @(98.0850 mm, 89.5500 mm): Track [GND] on F.Cu, length 0.8589 mm
[track_width]: Track width (board setup constraints min width 0.2000 mm; actual 0.1500 mm)
    Rule: netclass 'Default'; error
    @(89.9393 mm, 79.1923 mm): Track [GND] on F.Cu, length 0.0257 mm
[track_width]: Track width (board setup constraints min width 0.2000 mm; actual 0.1500 mm)
    Rule: netclass 'Default'; error
    @(90.7356 mm, 79.8365 mm): Track [GND] on F.Cu, length 0.4303 mm
[track_width]: Track width (board setup constraints min width 0.2000 mm; actual 0.1500 mm)
    Rule: netclass 'Default'; error
    @(112.8696 mm, 99.5500 mm): Track [V3V3_AON] on F.Cu, length 1.0071 mm
[track_width]: Track width (board setup constraints min width 0.2000 mm; actual 0.1500 mm)
    Rule: netclass 'Default'; error
    @(103.8625 mm, 58.9250 mm): Track [FG_SCL] on F.Cu, length 0.9363 mm
[track_width]: Track width (board setup constraints min width 0.2000 mm; actual 0.1500 mm)
    Rule: netclass 'Default'; error
    @(102.9262 mm, 58.9250 mm): Track [FG_SCL] on F.Cu, length 0.4400 mm
[track_width]: Track width (board setup constraints min width 0.2000 mm; actual 0.1500 mm)
    Rule: netclass 'Default'; error
    @(110.6957 mm, 109.6008 mm): Track [RUN_ENABLE] on F.Cu, length 0.8176 mm
[track_width]: Track width (board setup constraints min width 0.2000 mm; actual 0.1500 mm)
    Rule: netclass 'Default'; error
    @(111.5133 mm, 109.6008 mm): Track [RUN_ENABLE] on F.Cu, length 0.4938 mm
[track_width]: Track width (board setup constraints min width 0.2000 mm; actual 0.1500 mm)
    Rule: netclass 'Default'; error
    @(109.7845 mm, 76.7760 mm): Track [LED_ENABLE] on F.Cu, length 0.1840 mm
[track_width]: Track width (board setup constraints min width 0.2000 mm; actual 0.1500 mm)
    Rule: netclass 'Default'; error
    @(112.2104 mm, 67.9504 mm): Track [LED_ENABLE] on F.Cu, length 0.0701 mm
[track_width]: Track width (board setup constraints min width 0.2000 mm; actual 0.1500 mm)
    Rule: netclass 'Default'; error
    @(110.4588 mm, 77.4500 mm): Track [LED_ENABLE] on F.Cu, length 2.4037 mm
[track_width]: Track width (board setup constraints min width 0.2000 mm; actual 0.1500 mm)
    Rule: netclass 'Default'; error
    @(109.9149 mm, 76.9061 mm): Track [LED_ENABLE] on F.Cu, length 0.7692 mm
[track_width]: Track width (board setup constraints min width 0.2000 mm; actual 0.1500 mm)
    Rule: netclass 'Default'; error
    @(111.4164 mm, 67.9504 mm): Track [LED_ENABLE] on F.Cu, length 0.7940 mm
[track_width]: Track width (board setup constraints min width 0.2000 mm; actual 0.1500 mm)
    Rule: netclass 'Default'; error
    @(112.3096 mm, 68.4504 mm): Track [VBAT_PERIPH] on F.Cu, length 0.0701 mm
[track_width]: Track width (board setup constraints min width 0.2000 mm; actual 0.1500 mm)
    Rule: netclass 'Default'; error
    @(111.8000 mm, 56.0500 mm): Track [VBAT_PERIPH] on F.Cu, length 0.6767 mm
[track_width]: Track width (board setup constraints min width 0.2000 mm; actual 0.1500 mm)
    Rule: netclass 'Default'; error
    @(110.7485 mm, 56.4248 mm): Track [VBAT_PERIPH] on F.Cu, length 0.5300 mm
[track_width]: Track width (board setup constraints min width 0.2000 mm; actual 0.1500 mm)
    Rule: netclass 'Default'; error
    @(112.9127 mm, 68.4504 mm): Track [VBAT_PERIPH] on F.Cu, length 0.6031 mm
[track_width]: Track width (board setup constraints min width 0.2000 mm; actual 0.1500 mm)
    Rule: netclass 'Default'; error
    @(110.5406 mm, 56.4248 mm): Track [VBAT_PERIPH] on F.Cu, length 0.2079 mm
[track_width]: Track width (board setup constraints min width 0.2000 mm; actual 0.1500 mm)
    Rule: netclass 'Default'; error
    @(84.1192 mm, 48.4528 mm): Track [VBAT] on F.Cu, length 0.0755 mm
[track_width]: Track width (board setup constraints min width 0.2000 mm; actual 0.1500 mm)
    Rule: netclass 'Default'; error
    @(90.0239 mm, 46.8973 mm): Track [VBAT] on F.Cu, length 1.3038 mm
[track_width]: Track width (board setup constraints min width 0.2000 mm; actual 0.1500 mm)
    Rule: netclass 'Default'; error
    @(90.0239 mm, 48.2011 mm): Track [VBAT] on F.Cu, length 1.1298 mm
[track_width]: Track width (board setup constraints min width 0.2000 mm; actual 0.1500 mm)
    Rule: netclass 'Default'; error
    @(85.7954 mm, 50.1290 mm): Track [VBAT] on F.Cu, length 2.3705 mm
[track_width]: Track width (board setup constraints min width 0.2000 mm; actual 0.1500 mm)
    Rule: netclass 'Default'; error
    @(117.2262 mm, 67.6299 mm): Track [LED_SW] on F.Cu, length 0.0298 mm
[track_width]: Track width (board setup constraints min width 0.2000 mm; actual 0.1500 mm)
    Rule: netclass 'Default'; error
    @(117.2262 mm, 66.4490 mm): Track [LED_SW] on F.Cu, length 1.1809 mm
[track_width]: Track width (board setup constraints min width 0.2000 mm; actual 0.1500 mm)
    Rule: netclass 'Default'; error
    @(117.2051 mm, 67.9504 mm): Track [LED_SW] on F.Cu, length 3.4155 mm
[track_width]: Track width (board setup constraints min width 0.2000 mm; actual 0.1500 mm)
    Rule: netclass 'Default'; error
    @(113.7896 mm, 67.9504 mm): Track [LED_SW] on F.Cu, length 0.0701 mm
[track_width]: Track width (board setup constraints min width 0.2000 mm; actual 0.1500 mm)
    Rule: netclass 'Default'; error
    @(102.8000 mm, 55.1744 mm): Track [SD_CS] on F.Cu, length 0.9131 mm
[track_width]: Track width (board setup constraints min width 0.2000 mm; actual 0.1500 mm)
    Rule: netclass 'Default'; error
    @(103.7131 mm, 55.1744 mm): Track [SD_CS] on F.Cu, length 0.2113 mm
[track_width]: Track width (board setup constraints min width 0.2000 mm; actual 0.1500 mm)
    Rule: netclass 'Default'; error
    @(96.6926 mm, 62.8744 mm): Track [HOST_IMU_INT] on F.Cu, length 1.2955 mm
[track_width]: Track width (board setup constraints min width 0.2000 mm; actual 0.1500 mm)
    Rule: netclass 'Default'; error
    @(97.9881 mm, 62.8744 mm): Track [HOST_IMU_INT] on F.Cu, length 0.2113 mm
[track_width]: Track width (board setup constraints min width 0.2000 mm; actual 0.1500 mm)
    Rule: netclass 'Default'; error
    @(98.1375 mm, 64.0250 mm): Track [HOST_LED_DATA] on F.Cu, length 0.2113 mm
[track_width]: Track width (board setup constraints min width 0.2000 mm; actual 0.1500 mm)
    Rule: netclass 'Default'; error
    @(98.2869 mm, 64.1744 mm): Track [HOST_LED_DATA] on F.Cu, length 1.5542 mm
[track_width]: Track width (board setup constraints min width 0.2000 mm; actual 0.1500 mm)
    Rule: netclass 'Default'; error
    @(103.8625 mm, 65.3250 mm): Track [HAPTIC_DRIVE] on F.Cu, length 0.2113 mm
[track_width]: Track width (board setup constraints min width 0.2000 mm; actual 0.1500 mm)
    Rule: netclass 'Default'; error
    @(104.0119 mm, 65.4744 mm): Track [HAPTIC_DRIVE] on F.Cu, length 2.9078 mm
[track_width]: Track width (board setup constraints min width 0.2000 mm; actual 0.1500 mm)
    Rule: netclass 'Default'; error
    @(83.8375 mm, 77.7500 mm): Track [IMU_INT] on F.Cu, length 0.5142 mm
[track_width]: Track width (board setup constraints min width 0.2000 mm; actual 0.1500 mm)
    Rule: netclass 'Default'; error
    @(83.3233 mm, 77.7500 mm): Track [IMU_INT] on F.Cu, length 2.0131 mm
[track_width]: Track width (board setup constraints min width 0.2000 mm; actual 0.1500 mm)
    Rule: netclass 'Default'; error
    @(83.3233 mm, 75.7369 mm): Track [IMU_INT] on F.Cu, length 0.0429 mm
[track_width]: Track width (board setup constraints min width 0.2000 mm; actual 0.1500 mm)
    Rule: netclass 'Default'; error
    @(103.8625 mm, 63.3750 mm): Track [IMU_INT] on F.Cu, length 0.6777 mm
[track_width]: Track width (board setup constraints min width 0.2000 mm; actual 0.1500 mm)
    Rule: netclass 'Default'; error
    @(103.1848 mm, 63.3750 mm): Track [IMU_INT] on F.Cu, length 0.8109 mm
[track_width]: Track width (board setup constraints min width 0.2000 mm; actual 0.1500 mm)
    Rule: netclass 'Default'; error
    @(102.6114 mm, 63.9484 mm): Track [IMU_INT] on F.Cu, length 0.4226 mm
[track_width]: Track width (board setup constraints min width 0.2000 mm; actual 0.1500 mm)
    Rule: netclass 'Default'; error
    @(103.7147 mm, 53.8728 mm): Track [ISOLATE_N] on F.Cu, length 1.0944 mm
[track_width]: Track width (board setup constraints min width 0.2000 mm; actual 0.1500 mm)
    Rule: netclass 'Default'; error
    @(103.8625 mm, 53.7250 mm): Track [ISOLATE_N] on F.Cu, length 0.2090 mm
[track_width]: Track width (board setup constraints min width 0.2000 mm; actual 0.1500 mm)
    Rule: netclass 'Default'; error
    @(105.8375 mm, 60.2750 mm): Track [MOTOR_GATE] on F.Cu, length 1.6955 mm
[track_width]: Track width (board setup constraints min width 0.2000 mm; actual 0.1500 mm)
    Rule: netclass 'Default'; error
    @(107.0364 mm, 61.4739 mm): Track [MOTOR_GATE] on F.Cu, length 0.0375 mm
[track_width]: Track width (board setup constraints min width 0.2000 mm; actual 0.1500 mm)
    Rule: netclass 'Default'; error
    @(99.4093 mm, 53.8514 mm): Track [HOST_SD_CLK] on F.Cu, length 1.1454 mm
[track_width]: Track width (board setup constraints min width 0.2000 mm; actual 0.1500 mm)
    Rule: netclass 'Default'; error
    @(98.2639 mm, 53.8514 mm): Track [HOST_SD_CLK] on F.Cu, length 0.1788 mm
[track_width]: Track width (board setup constraints min width 0.2000 mm; actual 0.1500 mm)
    Rule: netclass 'Default'; error
    @(99.9855 mm, 54.5244 mm): Track [HOST_SD_CS] on F.Cu, length 1.6986 mm
[track_width]: Track width (board setup constraints min width 0.2000 mm; actual 0.1500 mm)
    Rule: netclass 'Default'; error
    @(98.2869 mm, 54.5244 mm): Track [HOST_SD_CS] on F.Cu, length 0.2113 mm
[track_width]: Track width (board setup constraints min width 0.2000 mm; actual 0.1500 mm)
    Rule: netclass 'Default'; error
    @(97.9881 mm, 56.4744 mm): Track [HOST_PDM_CLK] on F.Cu, length 1.0982 mm
[track_width]: Track width (board setup constraints min width 0.2000 mm; actual 0.1500 mm)
    Rule: netclass 'Default'; error
    @(98.1375 mm, 56.3250 mm): Track [HOST_PDM_CLK] on F.Cu, length 0.2113 mm
[track_width]: Track width (board setup constraints min width 0.2000 mm; actual 0.1500 mm)
    Rule: netclass 'Default'; error
    @(95.5450 mm, 58.1256 mm): Track [HOST_SCL] on F.Cu, length 2.4431 mm
[track_width]: Track width (board setup constraints min width 0.2000 mm; actual 0.1500 mm)
    Rule: netclass 'Default'; error
    @(97.9881 mm, 58.1256 mm): Track [HOST_SCL] on F.Cu, length 0.2113 mm
[track_width]: Track width (board setup constraints min width 0.2000 mm; actual 0.1500 mm)
    Rule: netclass 'Default'; error
    @(84.3523 mm, 62.2806 mm): Track [SD_MOSI] on F.Cu, length 0.3250 mm
[track_width]: Track width (board setup constraints min width 0.2000 mm; actual 0.1500 mm)
    Rule: netclass 'Default'; error
    @(82.9740 mm, 69.3356 mm): Track [SD_MOSI] on F.Cu, length 0.2572 mm
[track_width]: Track width (board setup constraints min width 0.2000 mm; actual 0.1500 mm)
    Rule: netclass 'Default'; error
    @(83.9767 mm, 61.9050 mm): Track [SD_MOSI] on F.Cu, length 0.5312 mm
[track_width]: Track width (board setup constraints min width 0.2000 mm; actual 0.1500 mm)
    Rule: netclass 'Default'; error
    @(83.1500 mm, 61.9050 mm): Track [SD_MOSI] on F.Cu, length 0.8267 mm
[track_width]: Track width (board setup constraints min width 0.2000 mm; actual 0.1500 mm)
    Rule: netclass 'Default'; error
    @(82.9740 mm, 68.4503 mm): Track [SD_MOSI] on F.Cu, length 0.8853 mm
[track_width]: Track width (board setup constraints min width 0.2000 mm; actual 0.1500 mm)
    Rule: netclass 'Default'; error
    @(109.2240 mm, 79.1250 mm): Track [LED_CHAIN_6] on F.Cu, length 0.5719 mm
[track_width]: Track width (board setup constraints min width 0.2000 mm; actual 0.1500 mm)
    Rule: netclass 'Default'; error
    @(109.2240 mm, 79.6969 mm): Track [LED_CHAIN_6] on F.Cu, length 0.1785 mm
[track_width]: Track width (board setup constraints min width 0.2000 mm; actual 0.1500 mm)
    Rule: netclass 'Default'; error
    @(91.9997 mm, 91.7994 mm): Track [LED_CHAIN_20] on F.Cu, length 0.0863 mm
[track_width]: Track width (board setup constraints min width 0.2000 mm; actual 0.1500 mm)
    Rule: netclass 'Default'; error
    @(91.3969 mm, 91.7994 mm): Track [LED_CHAIN_20] on F.Cu, length 0.6028 mm
[track_width]: Track width (board setup constraints min width 0.2000 mm; actual 0.1500 mm)
    Rule: netclass 'Default'; error
    @(97.8697 mm, 112.3051 mm): Track [MCU_EN] on B.Cu, length 0.1027 mm
[track_width]: Track width (board setup constraints min width 0.2000 mm; actual 0.1500 mm)
    Rule: netclass 'Default'; error
    @(98.1527 mm, 112.3051 mm): Track [MCU_EN] on B.Cu, length 0.2830 mm
[track_width]: Track width (board setup constraints min width 0.2000 mm; actual 0.1500 mm)
    Rule: netclass 'Default'; error
    @(103.9474 mm, 87.4107 mm): Track [LED_CHAIN_16] on F.Cu, length 0.3656 mm
[track_width]: Track width (board setup constraints min width 0.2000 mm; actual 0.1500 mm)
    Rule: netclass 'Default'; error
    @(103.5818 mm, 87.4107 mm): Track [LED_CHAIN_16] on F.Cu, length 0.1657 mm
[lib_footprint_issues]: The current configuration does not include the footprint library 'stdlib_kicad-footprints_Resistor_SMD'
    Local override; warning
    @(92.5000 mm, 73.5000 mm): Footprint R21
[lib_footprint_issues]: The current configuration does not include the footprint library 'stdlib_kicad-footprints_Capacitor_SMD'
    Local override; warning
    @(95.0000 mm, 82.8000 mm): Footprint C23
[lib_footprint_issues]: The current configuration does not include the footprint library 'stdlib_kicad-footprints_Resistor_SMD'
    Local override; warning
    @(113.0000 mm, 93.0000 mm): Footprint R1
[lib_footprint_issues]: The current configuration does not include the footprint library 'stdlib_kicad-footprints_Resistor_SMD'
    Local override; warning
    @(85.0000 mm, 109.5000 mm): Footprint R5
[lib_footprint_issues]: The current configuration does not include the footprint library 'embedr_ai_pendant_recorder_components_tps22918_assets'
    Local override; warning
    @(113.0000 mm, 100.5000 mm): Footprint U8
[lib_footprint_issues]: The current configuration does not include the footprint library 'stdlib_kicad-footprints_Capacitor_SMD'
    Local override; warning
    @(103.0000 mm, 86.8000 mm): Footprint C28
[lib_footprint_issues]: The current configuration does not include the footprint library 'stdlib_kicad-footprints_Resistor_SMD'
    Local override; warning
    @(88.0000 mm, 88.0000 mm): Footprint R23
[lib_footprint_issues]: The current configuration does not include the footprint library 'stdlib_kicad-footprints_Resistor_SMD'
    Local override; warning
    @(110.0000 mm, 76.0000 mm): Footprint R27
[lib_footprint_issues]: The current configuration does not include the footprint library 'embedr_ai_pendant_recorder_components_ws2812c-2020-v1'
    Local override; warning
    @(107.0000 mm, 77.0000 mm): Footprint LED5
[lib_footprint_issues]: The current configuration does not include the footprint library 'stdlib_kicad-footprints_Capacitor_SMD'
    Local override; warning
    @(109.0000 mm, 57.0000 mm): Footprint C7
[lib_footprint_issues]: The current configuration does not include the footprint library 'embedr_ai_pendant_recorder_components_ws2812c-2020-v1'
    Local override; warning
    @(103.0000 mm, 77.0000 mm): Footprint LED4
[lib_footprint_issues]: The current configuration does not include the footprint library 'stdlib_kicad-footprints_Capacitor_SMD'
    Local override; warning
    @(114.0000 mm, 73.5000 mm): Footprint C14
[lib_footprint_issues]: The current configuration does not include the footprint library 'stdlib_kicad-footprints_Resistor_SMD'
    Local override; warning
    @(110.0000 mm, 71.0000 mm): Footprint R26
[lib_footprint_issues]: The current configuration does not include the footprint library 'embedr_ai_pendant_recorder_components_ws2812c-2020-v1'
    Local override; warning
    @(107.0000 mm, 93.0000 mm): Footprint LED25
[lib_footprint_issues]: The current configuration does not include the footprint library 'stdlib_kicad-footprints_Capacitor_SMD'
    Local override; warning
    @(99.0000 mm, 86.8000 mm): Footprint C27
[lib_footprint_issues]: The current configuration does not include the footprint library 'stdlib_kicad-footprints_Capacitor_SMD'
    Local override; warning
    @(103.0000 mm, 90.8000 mm): Footprint C31
[lib_footprint_issues]: The current configuration does not include the footprint library 'embedr_ai_pendant_recorder_components_im69d130'
    Local override; warning
    @(85.0000 mm, 94.5000 mm): Footprint MK1
[lib_footprint_issues]: The current configuration does not include the footprint library 'stdlib_kicad-footprints_Capacitor_SMD'
    Local override; warning
    @(95.0000 mm, 94.8000 mm): Footprint C36
[lib_footprint_issues]: The current configuration does not include the footprint library 'stdlib_kicad-footprints_Capacitor_SMD'
    Local override; warning
    @(105.7000 mm, 54.0000 mm): Footprint C45
[lib_footprint_issues]: The current configuration does not include the footprint library 'embedr_ai_pendant_recorder_components_tps22918_assets'
    Local override; warning
    @(113.0000 mm, 109.0000 mm): Footprint U9
[lib_footprint_issues]: The current configuration does not include the footprint library 'stdlib_kicad-footprints_Capacitor_SMD'
    Local override; warning
    @(95.0000 mm, 86.8000 mm): Footprint C26
[lib_footprint_issues]: The current configuration does not include the footprint library 'embedr_ai_pendant_recorder_components_ws2812c-2020-v1'
    Local override; warning
    @(95.0000 mm, 81.0000 mm): Footprint LED9
[lib_footprint_issues]: The current configuration does not include the footprint library 'embedr_ai_pendant_recorder_components_tps61023_assets'
    Local override; warning
    @(113.0000 mm, 68.0000 mm): Footprint U5
[lib_footprint_issues]: The current configuration does not include the footprint library 'stdlib_kicad-footprints_Resistor_SMD'
    Local override; warning
    @(84.5000 mm, 69.5000 mm): Footprint R18
[lib_footprint_issues]: The current configuration does not include the footprint library 'embedr_ai_pendant_recorder_components_sn74cbtlv3245a'
    Local override; warning
    @(101.0000 mm, 65.0000 mm): Footprint U11
[lib_footprint_issues]: The current configuration does not include the footprint library 'stdlib_kicad-footprints_Capacitor_SMD'
    Local override; warning
    @(116.0000 mm, 102.5000 mm): Footprint C41
[lib_footprint_issues]: The current configuration does not include the footprint library 'stdlib_kicad-footprints_Resistor_SMD'
    Local override; warning
    @(85.0000 mm, 89.0000 mm): Footprint R16
[lib_footprint_issues]: The current configuration does not include the footprint library 'stdlib_kicad-footprints_Resistor_SMD'
    Local override; warning
    @(85.0000 mm, 107.0000 mm): Footprint R4
[lib_footprint_issues]: The current configuration does not include the footprint library 'embedr_ai_pendant_recorder_components_motor-diode'
    Local override; warning
    @(108.0000 mm, 54.0000 mm): Footprint D1
[lib_footprint_issues]: The current configuration does not include the footprint library 'stdlib_kicad-footprints_Capacitor_SMD'
    Local override; warning
    @(107.0000 mm, 94.8000 mm): Footprint C39
[lib_footprint_issues]: The current configuration does not include the footprint library 'embedr_ai_pendant_recorder_components_ws2812c-2020-v1'
    Local override; warning
    @(95.0000 mm, 77.0000 mm): Footprint LED2
[lib_footprint_issues]: The current configuration does not include the footprint library 'stdlib_kicad-footprints_Capacitor_SMD'
    Local override; warning
    @(91.0000 mm, 94.8000 mm): Footprint C35
[lib_footprint_issues]: The current configuration does not include the footprint library 'embedr_ai_pendant_recorder_components_ws2812c-2020-v1'
    Local override; warning
    @(91.0000 mm, 85.0000 mm): Footprint LED11
[lib_footprint_issues]: The current configuration does not include the footprint library 'stdlib_kicad-footprints_Resistor_SMD'
    Local override; warning
    @(107.0000 mm, 65.0000 mm): Footprint R7
[lib_footprint_issues]: The current configuration does not include the footprint library 'embedr_ai_pendant_recorder_components_ao3400a_assets'
    Local override; warning
    @(107.0000 mm, 61.0000 mm): Footprint Q1
[lib_footprint_issues]: The current configuration does not include the footprint library 'stdlib_kicad-footprints_Capacitor_SMD'
    Local override; warning
    @(116.0000 mm, 54.0000 mm): Footprint C8
[lib_footprint_issues]: The current configuration does not include the footprint library 'stdlib_kicad-footprints_Resistor_SMD'
    Local override; warning
    @(87.0000 mm, 98.0000 mm): Footprint R29
[lib_footprint_issues]: The current configuration does not include the footprint library 'stdlib_kicad-footprints_Resistor_SMD'
    Local override; warning
    @(93.0000 mm, 70.5000 mm): Footprint R17
[lib_footprint_issues]: The current configuration does not include the footprint library 'stdlib_kicad-footprints_Capacitor_SMD'
    Local override; warning
    @(95.0000 mm, 78.8000 mm): Footprint C16
[lib_footprint_issues]: The current configuration does not include the footprint library 'embedr_ai_pendant_recorder_components_ws2812c-2020-v1'
    Local override; warning
    @(99.0000 mm, 93.0000 mm): Footprint LED23
[lib_footprint_issues]: The current configuration does not include the footprint library 'stdlib_kicad-footprints_Capacitor_SMD'
    Local override; warning
    @(91.0000 mm, 78.8000 mm): Footprint C15
[lib_footprint_issues]: The current configuration does not include the footprint library 'stdlib_kicad-footprints_Resistor_SMD'
    Local override; warning
    @(96.0000 mm, 73.5000 mm): Footprint R22
[lib_footprint_issues]: The current configuration does not include the footprint library 'stdlib_kicad-footprints_Capacitor_SMD'
    Local override; warning
    @(116.0000 mm, 111.0000 mm): Footprint C42
[lib_footprint_issues]: The current configuration does not include the footprint library 'embedr_ai_pendant_recorder_components_sn74cbtlv3245a'
    Local override; warning
    @(101.0000 mm, 56.0000 mm): Footprint U10
[lib_footprint_issues]: The current configuration does not include the footprint library 'stdlib_kicad-footprints_Capacitor_SMD'
    Local override; warning
    @(107.0000 mm, 86.8000 mm): Footprint C29
[lib_footprint_issues]: The current configuration does not include the footprint library 'stdlib_kicad-footprints_Capacitor_SMD'
    Local override; warning
    @(88.5000 mm, 77.0000 mm): Footprint C5
[lib_footprint_issues]: The current configuration does not include the footprint library 'embedr_ai_pendant_recorder_components_xel4030-102mec'
    Local override; warning
    @(114.0000 mm, 64.0000 mm): Footprint L1
[lib_footprint_issues]: The current configuration does not include the footprint library 'stdlib_kicad-footprints_Capacitor_SMD'
    Local override; warning
    @(99.0000 mm, 94.8000 mm): Footprint C37
[lib_footprint_issues]: The current configuration does not include the footprint library 'stdlib_kicad-footprints_Capacitor_SMD'
    Local override; warning
    @(99.0000 mm, 78.8000 mm): Footprint C17
[lib_footprint_issues]: The current configuration does not include the footprint library 'embedr_ai_pendant_recorder_components_ws2812c-2020-v1'
    Local override; warning
    @(95.0000 mm, 93.0000 mm): Footprint LED22
[lib_footprint_issues]: The current configuration does not include the footprint library 'stdlib_kicad-footprints_Capacitor_SMD'
    Local override; warning
    @(103.5000 mm, 60.5000 mm): Footprint C46
[lib_footprint_issues]: The current configuration does not include the footprint library 'stdlib_kicad-footprints_Capacitor_SMD'
    Local override; warning
    @(99.0000 mm, 82.8000 mm): Footprint C22
[lib_footprint_issues]: The current configuration does not include the footprint library 'stdlib_kicad-footprints_Capacitor_SMD'
    Local override; warning
    @(110.0000 mm, 64.0000 mm): Footprint C12
[lib_footprint_issues]: The current configuration does not include the footprint library 'stdlib_kicad-footprints_Resistor_SMD'
    Local override; warning
    @(110.0000 mm, 79.0000 mm): Footprint R28
[lib_footprint_issues]: The current configuration does not include the footprint library 'stdlib_kicad-footprints_Capacitor_SMD'
    Local override; warning
    @(103.0000 mm, 82.8000 mm): Footprint C21
[lib_footprint_issues]: The current configuration does not include the footprint library 'stdlib_kicad-footprints_MountingHole'
    Local override; warning
    @(85.5000 mm, 47.5000 mm): Footprint H1
[lib_footprint_issues]: The current configuration does not include the footprint library 'embedr_ai_pendant_recorder_components_ws2812c-2020-v1'
    Local override; warning
    @(107.0000 mm, 85.0000 mm): Footprint LED15
[lib_footprint_issues]: The current configuration does not include the footprint library 'stdlib_kicad-footprints_Capacitor_SMD'
    Local override; warning
    @(99.0000 mm, 90.8000 mm): Footprint C32
[lib_footprint_issues]: The current configuration does not include the footprint library 'embedr_ai_pendant_recorder_components_max17048g-t10_assets'
    Local override; warning
    @(85.5000 mm, 52.0000 mm): Footprint U3
[lib_footprint_issues]: The current configuration does not include the footprint library 'stdlib_kicad-footprints_Capacitor_SMD'
    Local override; warning
    @(99.8000 mm, 48.5000 mm): Footprint C2
[lib_footprint_issues]: The current configuration does not include the footprint library 'stdlib_kicad-footprints_Capacitor_SMD'
    Local override; warning
    @(103.0000 mm, 78.8000 mm): Footprint C18
[lib_footprint_issues]: The current configuration does not include the footprint library 'embedr_ai_pendant_recorder_components_ws2812c-2020-v1'
    Local override; warning
    @(107.0000 mm, 81.0000 mm): Footprint LED6
[lib_footprint_issues]: The current configuration does not include the footprint library 'stdlib_kicad-footprints_Capacitor_SMD'
    Local override; warning
    @(91.0000 mm, 86.8000 mm): Footprint C25
[lib_footprint_issues]: The current configuration does not include the footprint library 'stdlib_kicad-footprints_Capacitor_SMD'
    Local override; warning
    @(116.8000 mm, 77.0000 mm): Footprint C40
[lib_footprint_issues]: The current configuration does not include the footprint library 'embedr_ai_pendant_recorder_components_ws2812c-2020-v1'
    Local override; warning
    @(99.0000 mm, 81.0000 mm): Footprint LED8
[lib_footprint_issues]: The current configuration does not include the footprint library 'embedr_ai_pendant_recorder_components_ws2812c-2020-v1'
    Local override; warning
    @(99.0000 mm, 77.0000 mm): Footprint LED3
[lib_footprint_issues]: The current configuration does not include the footprint library 'stdlib_kicad-footprints_Capacitor_SMD'
    Local override; warning
    @(116.2000 mm, 68.0000 mm): Footprint C13
[lib_footprint_issues]: The current configuration does not include the footprint library 'stdlib_kicad-footprints_Capacitor_SMD'
    Local override; warning
    @(90.0000 mm, 49.0000 mm): Footprint C1
[lib_footprint_issues]: The current configuration does not include the footprint library 'stdlib_kicad-footprints_MountingHole'
    Local override; warning
    @(114.5000 mm, 116.5000 mm): Footprint H4
[lib_footprint_issues]: The current configuration does not include the footprint library 'embedr_ai_pendant_recorder_components_ws2812c-2020-v1'
    Local override; warning
    @(91.0000 mm, 93.0000 mm): Footprint LED21
[lib_footprint_issues]: The current configuration does not include the footprint library 'stdlib_kicad-footprints_Resistor_SMD'
    Local override; warning
    @(107.0000 mm, 68.0000 mm): Footprint R8
[lib_footprint_issues]: The current configuration does not include the footprint library 'stdlib_kicad-footprints_Capacitor_SMD'
    Local override; warning
    @(95.0000 mm, 90.8000 mm): Footprint C33
[lib_footprint_issues]: The current configuration does not include the footprint library 'stdlib_kicad-footprints_Capacitor_SMD'
    Local override; warning
    @(85.0000 mm, 92.0000 mm): Footprint C9
[lib_footprint_issues]: The current configuration does not include the footprint library 'embedr_ai_pendant_recorder_components_ws2812c-2020-v1'
    Local override; warning
    @(91.0000 mm, 77.0000 mm): Footprint LED1
[lib_footprint_issues]: The current configuration does not include the footprint library 'embedr_ai_pendant_recorder_components_ck-js202011aqn_assets'
    Local override; warning
    @(113.3000 mm, 86.0000 mm): Footprint SW2
[lib_footprint_issues]: The current configuration does not include the footprint library 'embedr_ai_pendant_recorder_components_tps22918_assets'
    Local override; warning
    @(114.0000 mm, 76.5000 mm): Footprint U7
[lib_footprint_issues]: The current configuration does not include the footprint library 'stdlib_kicad-footprints_Capacitor_SMD'
    Local override; warning
    @(91.0000 mm, 82.8000 mm): Footprint C24
[lib_footprint_issues]: The current configuration does not include the footprint library 'embedr_ai_pendant_recorder_components_ws2812c-2020-v1'
    Local override; warning
    @(103.0000 mm, 81.0000 mm): Footprint LED7
[lib_footprint_issues]: The current configuration does not include the footprint library 'stdlib_kicad-footprints_TestPoint'
    Local override; warning
    @(88.5000 mm, 110.0000 mm): Footprint TP4
[lib_footprint_issues]: The current configuration does not include the footprint library 'embedr_ai_pendant_recorder_components_ws2812c-2020-v1'
    Local override; warning
    @(107.0000 mm, 89.0000 mm): Footprint LED16
[lib_footprint_issues]: The current configuration does not include the footprint library 'embedr_ai_pendant_recorder_components_ws2812c-2020-v1'
    Local override; warning
    @(99.0000 mm, 89.0000 mm): Footprint LED18
[lib_footprint_issues]: The current configuration does not include the footprint library 'embedr_ai_pendant_recorder_components_ao3400a_assets'
    Local override; warning
    @(87.0000 mm, 101.0000 mm): Footprint Q2
[lib_footprint_issues]: The current configuration does not include the footprint library 'stdlib_kicad-footprints_Resistor_SMD'
    Local override; warning
    @(87.0000 mm, 104.0000 mm): Footprint R30
[lib_footprint_issues]: The current configuration does not include the footprint library 'embedr_ai_pendant_recorder_components_bmi270'
    Local override; warning
    @(85.0000 mm, 77.0000 mm): Footprint U4
[lib_footprint_issues]: The current configuration does not include the footprint library 'stdlib_kicad-footprints_Capacitor_SMD'
    Local override; warning
    @(103.0000 mm, 94.8000 mm): Footprint C38
[lib_footprint_issues]: The current configuration does not include the footprint library 'stdlib_kicad-footprints_Capacitor_SMD'
    Local override; warning
    @(96.0000 mm, 60.0000 mm): Footprint C10
[lib_footprint_issues]: The current configuration does not include the footprint library 'stdlib_kicad-footprints_Capacitor_SMD'
    Local override; warning
    @(113.0000 mm, 103.5000 mm): Footprint C43
[lib_footprint_issues]: The current configuration does not include the footprint library 'stdlib_kicad-footprints_Capacitor_SMD'
    Local override; warning
    @(89.0000 mm, 52.0000 mm): Footprint C3
[lib_footprint_issues]: The current configuration does not include the footprint library 'embedr_ai_pendant_recorder_components_motor-ldo'
    Local override; warning
    @(113.0000 mm, 57.0000 mm): Footprint U6
[lib_footprint_issues]: The current configuration does not include the footprint library 'stdlib_kicad-footprints_Capacitor_SMD'
    Local override; warning
    @(107.0000 mm, 78.8000 mm): Footprint C19
[lib_footprint_issues]: The current configuration does not include the footprint library 'stdlib_kicad-footprints_Capacitor_SMD'
    Local override; warning
    @(85.0000 mm, 80.5000 mm): Footprint C4
[lib_footprint_issues]: The current configuration does not include the footprint library 'stdlib_kicad-footprints_MountingHole'
    Local override; warning
    @(84.9000 mm, 116.5000 mm): Footprint H3
[lib_footprint_issues]: The current configuration does not include the footprint library 'stdlib_kicad-footprints_MountingHole'
    Local override; warning
    @(114.5000 mm, 47.5000 mm): Footprint H2
[lib_footprint_issues]: The current configuration does not include the footprint library 'embedr_ai_pendant_recorder_components_pts841gksmtr'
    Local override; warning
    @(113.0000 mm, 96.0000 mm): Footprint SW1
[lib_footprint_issues]: The current configuration does not include the footprint library 'embedr_ai_pendant_recorder_components_ws2812c-2020-v1'
    Local override; warning
    @(99.0000 mm, 85.0000 mm): Footprint LED13
[lib_footprint_issues]: The current configuration does not include the footprint library 'embedr_ai_pendant_recorder_components_ws2812c-2020-v1'
    Local override; warning
    @(103.0000 mm, 89.0000 mm): Footprint LED17
[lib_footprint_issues]: The current configuration does not include the footprint library 'stdlib_kicad-footprints_Capacitor_SMD'
    Local override; warning
    @(107.0000 mm, 82.8000 mm): Footprint C20
[lib_footprint_issues]: The current configuration does not include the footprint library 'stdlib_kicad-footprints_Capacitor_SMD'
    Local override; warning
    @(89.0000 mm, 70.5000 mm): Footprint C11
[lib_footprint_issues]: The current configuration does not include the footprint library 'embedr_ai_pendant_recorder_components_ws2812c-2020-v1'
    Local override; warning
    @(95.0000 mm, 89.0000 mm): Footprint LED19
[lib_footprint_issues]: The current configuration does not include the footprint library 'stdlib_kicad-footprints_Capacitor_SMD'
    Local override; warning
    @(91.0000 mm, 90.8000 mm): Footprint C34
[lib_footprint_issues]: The current configuration does not include the footprint library 'stdlib_kicad-footprints_Resistor_SMD'
    Local override; warning
    @(88.5000 mm, 73.5000 mm): Footprint R20
[lib_footprint_issues]: The current configuration does not include the footprint library 'stdlib_kicad-footprints_Resistor_SMD'
    Local override; warning
    @(110.0000 mm, 68.0000 mm): Footprint R25
[lib_footprint_issues]: The current configuration does not include the footprint library 'stdlib_kicad-footprints_Resistor_SMD'
    Local override; warning
    @(84.5000 mm, 72.0000 mm): Footprint R19
[lib_footprint_issues]: The current configuration does not include the footprint library 'embedr_ai_pendant_recorder_components_molex-104031-0811'
    Local override; warning
    @(88.6000 mm, 61.0000 mm): Footprint J4
[lib_footprint_issues]: The current configuration does not include the footprint library 'embedr_ai_pendant_recorder_components_ws2812c-2020-v1'
    Local override; warning
    @(103.0000 mm, 85.0000 mm): Footprint LED14
[lib_footprint_issues]: The current configuration does not include the footprint library 'embedr_ai_pendant_recorder_components_ws2812c-2020-v1'
    Local override; warning
    @(91.0000 mm, 81.0000 mm): Footprint LED10
[lib_footprint_issues]: The current configuration does not include the footprint library 'embedr_ai_pendant_recorder_components_ws2812c-2020-v1'
    Local override; warning
    @(103.0000 mm, 93.0000 mm): Footprint LED24
[lib_footprint_issues]: The current configuration does not include the footprint library 'embedr_ai_pendant_recorder_components_ws2812c-2020-v1'
    Local override; warning
    @(95.0000 mm, 85.0000 mm): Footprint LED12
[lib_footprint_issues]: The current configuration does not include the footprint library 'stdlib_kicad-footprints_TestPoint'
    Local override; warning
    @(88.5000 mm, 107.0000 mm): Footprint TP3
[lib_footprint_issues]: The current configuration does not include the footprint library 'stdlib_kicad-footprints_Capacitor_SMD'
    Local override; warning
    @(107.0000 mm, 90.8000 mm): Footprint C30
[lib_footprint_issues]: The current configuration does not include the footprint library 'embedr_ai_pendant_recorder_components_ws2812c-2020-v1'
    Local override; warning
    @(91.0000 mm, 89.0000 mm): Footprint LED20
[lib_footprint_issues]: The current configuration does not include the footprint library 'stdlib_kicad-footprints_Capacitor_SMD'
    Local override; warning
    @(113.0000 mm, 106.0000 mm): Footprint C44
[lib_footprint_issues]: The current configuration does not include the footprint library 'embedr_ai_pendant_recorder_components_xiao-base'
    Local override; warning
    @(88.0830 mm, 97.0000 mm): Footprint U1
[lib_footprint_issues]: The current configuration does not include the footprint library 'embedr_ai_pendant_recorder_components_jst-b2b-ph-k-s_assets'
    Local override; warning
    @(104.0000 mm, 49.0000 mm): Footprint J3
[lib_footprint_issues]: The current configuration does not include the footprint library 'embedr_ai_pendant_recorder_components_jst-b2b-ph-k-s_assets'
    Local override; warning
    @(94.0000 mm, 49.0000 mm): Footprint J1

** Found 1 unconnected pads **
[unconnected_items]: Missing connection between items
    Local override; error
    @(85.6800 mm, 93.6900 mm): Pad 5 [GND] of MK1 on F.Cu
    @(85.7750 mm, 92.0000 mm): Track [GND] on F.Cu, length 0.7509 mm

** Found 0 Footprint errors **

** Ignored checks **
    - Footprint has no courtyard defined
    - Track endpoint not centered on via
    - Tuning profile track geometries
    - Footprint doesn't match symbol's footprint filters
    - Footprint component type doesn't match footprint pads

** End of Report **
