** Drc report for layout.kicad_pcb **
** Created on 2026-09-21T09:11:39 **
** Report includes: Errors, Warnings **

** Found 300 DRC violations **
[copper_edge_clearance]: Board edge clearance violation (board setup constraints edge clearance 0.5000 mm; actual 0.2213 mm)
    Rule: board setup constraints edge; error
    @(82.0000 mm, 117.0000 mm): Segment on Edge.Cuts
    @(82.3213 mm, 68.5954 mm): Track [GND] on In1.Cu, length 1.0551 mm
[copper_edge_clearance]: Board edge clearance violation (board setup constraints edge clearance 0.5000 mm; actual 0.2213 mm)
    Rule: board setup constraints edge; error
    @(82.0000 mm, 117.0000 mm): Segment on Edge.Cuts
    @(82.3213 mm, 71.5646 mm): Track [GND] on In1.Cu, length 2.9692 mm
[copper_edge_clearance]: Board edge clearance violation (board setup constraints edge clearance 0.5000 mm; actual 0.2213 mm)
    Rule: board setup constraints edge; error
    @(82.0000 mm, 117.0000 mm): Segment on Edge.Cuts
    @(82.6543 mm, 71.8976 mm): Track [GND] on In1.Cu, length 0.4709 mm
[copper_edge_clearance]: Board edge clearance violation (board setup constraints edge clearance 0.5000 mm; actual 0.4670 mm)
    Rule: board setup constraints edge; error
    @(118.0000 mm, 47.0000 mm): Segment on Edge.Cuts
    @(117.2262 mm, 66.7814 mm): Track [LED_SW] on F.Cu, length 0.3278 mm
[copper_edge_clearance]: Board edge clearance violation (board setup constraints edge clearance 0.5000 mm; actual 0.4420 mm)
    Rule: board setup constraints edge; error
    @(118.0000 mm, 47.0000 mm): Segment on Edge.Cuts
    @(117.4580 mm, 67.0132 mm): Track [LED_SW] on F.Cu, length 0.8343 mm
[copper_edge_clearance]: Board edge clearance violation (board setup constraints edge clearance 0.5000 mm; actual 0.4420 mm)
    Rule: board setup constraints edge; error
    @(118.0000 mm, 47.0000 mm): Segment on Edge.Cuts
    @(117.4580 mm, 67.8475 mm): Track [LED_SW] on F.Cu, length 0.1455 mm
[track_width]: Track width (board setup constraints min width 0.2000 mm; actual 0.1500 mm)
    Rule: netclass 'Default'; error
    @(83.1500 mm, 60.8050 mm): Track [V3V3] on F.Cu, length 0.8267 mm
[track_width]: Track width (board setup constraints min width 0.2000 mm; actual 0.1500 mm)
    Rule: netclass 'Default'; error
    @(85.1822 mm, 76.6252 mm): Track [V3V3] on F.Cu, length 0.3288 mm
[track_width]: Track width (board setup constraints min width 0.2000 mm; actual 0.1200 mm)
    Rule: netclass 'Default'; error
    @(85.5000 mm, 76.5867 mm): Track [V3V3] on F.Cu, length 0.2793 mm
[track_width]: Track width (board setup constraints min width 0.2000 mm; actual 0.1500 mm)
    Rule: netclass 'Default'; error
    @(84.3515 mm, 61.1798 mm): Track [V3V3] on F.Cu, length 0.5300 mm
[track_width]: Track width (board setup constraints min width 0.2000 mm; actual 0.1200 mm)
    Rule: netclass 'Default'; error
    @(85.5000 mm, 76.0875 mm): Track [V3V3] on F.Cu, length 0.4992 mm
[track_width]: Track width (board setup constraints min width 0.2000 mm; actual 0.1500 mm)
    Rule: netclass 'Default'; error
    @(84.6278 mm, 61.1798 mm): Track [V3V3] on F.Cu, length 0.2763 mm
[track_width]: Track width (board setup constraints min width 0.2000 mm; actual 0.1200 mm)
    Rule: netclass 'Default'; error
    @(85.2207 mm, 76.5867 mm): Track [V3V3] on F.Cu, length 0.0544 mm
[track_width]: Track width (board setup constraints min width 0.2000 mm; actual 0.1500 mm)
    Rule: netclass 'Default'; error
    @(105.4417 mm, 89.9104 mm): Track [LED_5V] on F.Cu, length 0.2001 mm
[track_width]: Track width (board setup constraints min width 0.2000 mm; actual 0.1500 mm)
    Rule: netclass 'Default'; error
    @(102.7156 mm, 82.0356 mm): Track [LED_5V] on F.Cu, length 0.2828 mm
[track_width]: Track width (board setup constraints min width 0.2000 mm; actual 0.1500 mm)
    Rule: netclass 'Default'; error
    @(93.5892 mm, 79.5342 mm): Track [LED_5V] on F.Cu, length 1.1395 mm
[track_width]: Track width (board setup constraints min width 0.2000 mm; actual 0.1500 mm)
    Rule: netclass 'Default'; error
    @(102.7156 mm, 81.7528 mm): Track [LED_5V] on F.Cu, length 0.1529 mm
[track_width]: Track width (board setup constraints min width 0.2000 mm; actual 0.1500 mm)
    Rule: netclass 'Default'; error
    @(92.4497 mm, 79.7994 mm): Track [LED_5V] on F.Cu, length 0.2099 mm
[track_width]: Track width (board setup constraints min width 0.2000 mm; actual 0.1500 mm)
    Rule: netclass 'Default'; error
    @(105.4417 mm, 90.1933 mm): Track [LED_5V] on F.Cu, length 0.2829 mm
[track_width]: Track width (board setup constraints min width 0.2000 mm; actual 0.1500 mm)
    Rule: netclass 'Default'; error
    @(93.8348 mm, 79.7402 mm): Track [LED_5V] on F.Cu, length 0.9690 mm
[track_width]: Track width (board setup constraints min width 0.2000 mm; actual 0.1500 mm)
    Rule: netclass 'Default'; error
    @(94.7243 mm, 78.1893 mm): Track [GND] on F.Cu, length 0.2594 mm
[track_width]: Track width (board setup constraints min width 0.2000 mm; actual 0.1500 mm)
    Rule: netclass 'Default'; error
    @(102.1864 mm, 94.2006 mm): Track [GND] on F.Cu, length 1.1250 mm
[track_width]: Track width (board setup constraints min width 0.2000 mm; actual 0.1500 mm)
    Rule: netclass 'Default'; error
    @(98.1864 mm, 82.2006 mm): Track [GND] on F.Cu, length 0.2667 mm
[track_width]: Track width (board setup constraints min width 0.2000 mm; actual 0.1500 mm)
    Rule: netclass 'Default'; error
    @(112.5133 mm, 76.1508 mm): Track [GND] on F.Cu, length 0.4938 mm
[track_width]: Track width (board setup constraints min width 0.2000 mm; actual 0.1500 mm)
    Rule: netclass 'Default'; error
    @(93.9393 mm, 86.2006 mm): Track [GND] on F.Cu, length 1.8599 mm
[track_width]: Track width (board setup constraints min width 0.2000 mm; actual 0.1500 mm)
    Rule: netclass 'Default'; error
    @(98.7243 mm, 78.1893 mm): Track [GND] on F.Cu, length 0.2198 mm
[track_width]: Track width (board setup constraints min width 0.2000 mm; actual 0.1500 mm)
    Rule: netclass 'Default'; error
    @(95.1969 mm, 93.5500 mm): Track [GND] on F.Cu, length 1.1119 mm
[track_width]: Track width (board setup constraints min width 0.2000 mm; actual 0.1500 mm)
    Rule: netclass 'Default'; error
    @(95.2644 mm, 90.1893 mm): Track [GND] on F.Cu, length 0.5401 mm
[track_width]: Track width (board setup constraints min width 0.2000 mm; actual 0.1500 mm)
    Rule: netclass 'Default'; error
    @(98.7243 mm, 94.1893 mm): Track [GND] on F.Cu, length 0.2198 mm
[track_width]: Track width (board setup constraints min width 0.2000 mm; actual 0.1500 mm)
    Rule: netclass 'Default'; error
    @(98.3531 mm, 82.0339 mm): Track [GND] on F.Cu, length 0.2357 mm
[track_width]: Track width (board setup constraints min width 0.2000 mm; actual 0.1500 mm)
    Rule: netclass 'Default'; error
    @(85.4705 mm, 51.3246 mm): Track [GND] on F.Cu, length 0.9084 mm
[track_width]: Track width (board setup constraints min width 0.2000 mm; actual 0.1500 mm)
    Rule: netclass 'Default'; error
    @(112.9883 mm, 56.4884 mm): Track [GND] on F.Cu, length 0.7235 mm
[track_width]: Track width (board setup constraints min width 0.2000 mm; actual 0.1500 mm)
    Rule: netclass 'Default'; error
    @(98.3531 mm, 94.0339 mm): Track [GND] on F.Cu, length 0.2357 mm
[track_width]: Track width (board setup constraints min width 0.2000 mm; actual 0.1500 mm)
    Rule: netclass 'Default'; error
    @(110.8250 mm, 76.1508 mm): Track [GND] on F.Cu, length 1.6883 mm
[track_width]: Track width (board setup constraints min width 0.2000 mm; actual 0.1500 mm)
    Rule: netclass 'Default'; error
    @(88.3704 mm, 99.1546 mm): Track [GND] on F.Cu, length 1.8533 mm
[track_width]: Track width (board setup constraints min width 0.2000 mm; actual 0.1500 mm)
    Rule: netclass 'Default'; error
    @(112.2117 mm, 108.6508 mm): Track [GND] on F.Cu, length 0.4938 mm
[track_width]: Track width (board setup constraints min width 0.2000 mm; actual 0.1500 mm)
    Rule: netclass 'Default'; error
    @(106.7243 mm, 90.1893 mm): Track [GND] on F.Cu, length 0.9041 mm
[track_width]: Track width (board setup constraints min width 0.2000 mm; actual 0.1500 mm)
    Rule: netclass 'Default'; error
    @(102.2402 mm, 89.7052 mm): Track [GND] on F.Cu, length 0.0603 mm
[track_width]: Track width (board setup constraints min width 0.2000 mm; actual 0.1500 mm)
    Rule: netclass 'Default'; error
    @(111.8000 mm, 57.0000 mm): Track [GND] on F.Cu, length 0.6767 mm
[track_width]: Track width (board setup constraints min width 0.2000 mm; actual 0.1500 mm)
    Rule: netclass 'Default'; error
    @(98.3531 mm, 82.0339 mm): Track [GND] on F.Cu, length 0.2158 mm
[track_width]: Track width (board setup constraints min width 0.2000 mm; actual 0.1500 mm)
    Rule: netclass 'Default'; error
    @(102.3531 mm, 94.0339 mm): Track [GND] on F.Cu, length 0.2357 mm
[track_width]: Track width (board setup constraints min width 0.2000 mm; actual 0.1500 mm)
    Rule: netclass 'Default'; error
    @(107.2644 mm, 94.1893 mm): Track [GND] on F.Cu, length 0.5401 mm
[track_width]: Track width (board setup constraints min width 0.2000 mm; actual 0.1500 mm)
    Rule: netclass 'Default'; error
    @(84.5621 mm, 51.3246 mm): Track [GND] on F.Cu, length 0.1055 mm
[track_width]: Track width (board setup constraints min width 0.2000 mm; actual 0.1500 mm)
    Rule: netclass 'Default'; error
    @(90.6144 mm, 78.0794 mm): Track [GND] on F.Cu, length 0.1554 mm
[track_width]: Track width (board setup constraints min width 0.2000 mm; actual 0.1500 mm)
    Rule: netclass 'Default'; error
    @(98.7576 mm, 85.5500 mm): Track [GND] on F.Cu, length 0.6726 mm
[track_width]: Track width (board setup constraints min width 0.2000 mm; actual 0.1500 mm)
    Rule: netclass 'Default'; error
    @(102.3531 mm, 94.0339 mm): Track [GND] on F.Cu, length 0.2158 mm
[track_width]: Track width (board setup constraints min width 0.2000 mm; actual 0.1500 mm)
    Rule: netclass 'Default'; error
    @(101.4344 mm, 80.0333 mm): Track [GND] on F.Cu, length 0.1373 mm
[track_width]: Track width (board setup constraints min width 0.2000 mm; actual 0.1500 mm)
    Rule: netclass 'Default'; error
    @(95.2644 mm, 86.1893 mm): Track [GND] on F.Cu, length 0.5401 mm
[track_width]: Track width (board setup constraints min width 0.2000 mm; actual 0.1500 mm)
    Rule: netclass 'Default'; error
    @(106.3531 mm, 82.0339 mm): Track [GND] on F.Cu, length 0.2158 mm
[track_width]: Track width (board setup constraints min width 0.2000 mm; actual 0.1500 mm)
    Rule: netclass 'Default'; error
    @(102.3531 mm, 78.0339 mm): Track [GND] on F.Cu, length 0.2357 mm
[track_width]: Track width (board setup constraints min width 0.2000 mm; actual 0.1500 mm)
    Rule: netclass 'Default'; error
    @(98.6251 mm, 89.5500 mm): Track [GND] on F.Cu, length 0.5401 mm
[track_width]: Track width (board setup constraints min width 0.2000 mm; actual 0.1500 mm)
    Rule: netclass 'Default'; error
    @(102.7243 mm, 94.1893 mm): Track [GND] on F.Cu, length 0.2198 mm
[track_width]: Track width (board setup constraints min width 0.2000 mm; actual 0.1500 mm)
    Rule: netclass 'Default'; error
    @(94.7243 mm, 86.1893 mm): Track [GND] on F.Cu, length 0.9041 mm
[track_width]: Track width (board setup constraints min width 0.2000 mm; actual 0.1500 mm)
    Rule: netclass 'Default'; error
    @(102.7243 mm, 86.1893 mm): Track [GND] on F.Cu, length 0.9041 mm
[track_width]: Track width (board setup constraints min width 0.2000 mm; actual 0.1500 mm)
    Rule: netclass 'Default'; error
    @(94.9704 mm, 81.8952 mm): Track [GND] on F.Cu, length 0.4158 mm
[track_width]: Track width (board setup constraints min width 0.2000 mm; actual 0.1500 mm)
    Rule: netclass 'Default'; error
    @(98.3531 mm, 81.8181 mm): Track [GND] on F.Cu, length 0.3792 mm
[track_width]: Track width (board setup constraints min width 0.2000 mm; actual 0.1500 mm)
    Rule: netclass 'Default'; error
    @(113.9636 mm, 76.1508 mm): Track [GND] on F.Cu, length 0.7519 mm
[track_width]: Track width (board setup constraints min width 0.2000 mm; actual 0.1500 mm)
    Rule: netclass 'Default'; error
    @(88.5000 mm, 75.1873 mm): Track [GND] on F.Cu, length 0.0231 mm
[track_width]: Track width (board setup constraints min width 0.2000 mm; actual 0.1500 mm)
    Rule: netclass 'Default'; error
    @(101.4344 mm, 80.1706 mm): Track [GND] on F.Cu, length 0.2893 mm
[track_width]: Track width (board setup constraints min width 0.2000 mm; actual 0.1500 mm)
    Rule: netclass 'Default'; error
    @(95.2644 mm, 94.1893 mm): Track [GND] on F.Cu, length 0.0675 mm
[track_width]: Track width (board setup constraints min width 0.2000 mm; actual 0.1500 mm)
    Rule: netclass 'Default'; error
    @(90.5904 mm, 78.0554 mm): Track [GND] on F.Cu, length 0.7147 mm
[track_width]: Track width (board setup constraints min width 0.2000 mm; actual 0.1500 mm)
    Rule: netclass 'Default'; error
    @(98.3531 mm, 94.0339 mm): Track [GND] on F.Cu, length 0.2158 mm
[track_width]: Track width (board setup constraints min width 0.2000 mm; actual 0.1500 mm)
    Rule: netclass 'Default'; error
    @(110.6844 mm, 100.5000 mm): Track [GND] on F.Cu, length 1.1781 mm
[track_width]: Track width (board setup constraints min width 0.2000 mm; actual 0.1500 mm)
    Rule: netclass 'Default'; error
    @(98.3531 mm, 77.8181 mm): Track [GND] on F.Cu, length 0.3792 mm
[track_width]: Track width (board setup constraints min width 0.2000 mm; actual 0.1500 mm)
    Rule: netclass 'Default'; error
    @(107.2644 mm, 82.1893 mm): Track [GND] on F.Cu, length 0.1751 mm
[track_width]: Track width (board setup constraints min width 0.2000 mm; actual 0.1500 mm)
    Rule: netclass 'Default'; error
    @(103.2644 mm, 86.1893 mm): Track [GND] on F.Cu, length 0.5401 mm
[track_width]: Track width (board setup constraints min width 0.2000 mm; actual 0.1500 mm)
    Rule: netclass 'Default'; error
    @(91.2644 mm, 86.1893 mm): Track [GND] on F.Cu, length 0.5401 mm
[track_width]: Track width (board setup constraints min width 0.2000 mm; actual 0.1500 mm)
    Rule: netclass 'Default'; error
    @(98.3531 mm, 93.8181 mm): Track [GND] on F.Cu, length 0.3792 mm
[track_width]: Track width (board setup constraints min width 0.2000 mm; actual 0.1500 mm)
    Rule: netclass 'Default'; error
    @(107.1826 mm, 86.1410 mm): Track [GND] on F.Cu, length 0.5065 mm
[track_width]: Track width (board setup constraints min width 0.2000 mm; actual 0.1500 mm)
    Rule: netclass 'Default'; error
    @(106.3531 mm, 81.8181 mm): Track [GND] on F.Cu, length 0.3792 mm
[track_width]: Track width (board setup constraints min width 0.2000 mm; actual 0.1500 mm)
    Rule: netclass 'Default'; error
    @(99.2644 mm, 82.1893 mm): Track [GND] on F.Cu, length 0.5401 mm
[track_width]: Track width (board setup constraints min width 0.2000 mm; actual 0.1500 mm)
    Rule: netclass 'Default'; error
    @(113.4998 mm, 54.3687 mm): Track [GND] on F.Cu, length 1.5397 mm
[track_width]: Track width (board setup constraints min width 0.2000 mm; actual 0.1500 mm)
    Rule: netclass 'Default'; error
    @(106.6761 mm, 86.1410 mm): Track [GND] on F.Cu, length 0.8359 mm
[track_width]: Track width (board setup constraints min width 0.2000 mm; actual 0.1500 mm)
    Rule: netclass 'Default'; error
    @(92.0794 mm, 86.2006 mm): Track [GND] on F.Cu, length 0.8477 mm
[track_width]: Track width (board setup constraints min width 0.2000 mm; actual 0.1500 mm)
    Rule: netclass 'Default'; error
    @(84.9029 mm, 52.6754 mm): Track [GND] on F.Cu, length 0.3465 mm
[track_width]: Track width (board setup constraints min width 0.2000 mm; actual 0.1500 mm)
    Rule: netclass 'Default'; error
    @(99.2644 mm, 94.1893 mm): Track [GND] on F.Cu, length 0.5401 mm
[track_width]: Track width (board setup constraints min width 0.2000 mm; actual 0.1500 mm)
    Rule: netclass 'Default'; error
    @(103.2644 mm, 90.1893 mm): Track [GND] on F.Cu, length 0.4591 mm
[track_width]: Track width (board setup constraints min width 0.2000 mm; actual 0.1500 mm)
    Rule: netclass 'Default'; error
    @(106.6148 mm, 82.0798 mm): Track [GND] on F.Cu, length 0.0649 mm
[track_width]: Track width (board setup constraints min width 0.2000 mm; actual 0.1500 mm)
    Rule: netclass 'Default'; error
    @(107.0893 mm, 82.0798 mm): Track [GND] on F.Cu, length 0.4745 mm
[track_width]: Track width (board setup constraints min width 0.2000 mm; actual 0.1500 mm)
    Rule: netclass 'Default'; error
    @(113.2117 mm, 76.1508 mm): Track [GND] on F.Cu, length 0.4938 mm
[track_width]: Track width (board setup constraints min width 0.2000 mm; actual 0.1500 mm)
    Rule: netclass 'Default'; error
    @(107.2644 mm, 86.1893 mm): Track [GND] on F.Cu, length 0.0818 mm
[track_width]: Track width (board setup constraints min width 0.2000 mm; actual 0.1500 mm)
    Rule: netclass 'Default'; error
    @(90.7243 mm, 86.1893 mm): Track [GND] on F.Cu, length 0.9041 mm
[track_width]: Track width (board setup constraints min width 0.2000 mm; actual 0.1500 mm)
    Rule: netclass 'Default'; error
    @(102.1799 mm, 89.6449 mm): Track [GND] on F.Cu, length 0.1342 mm
[track_width]: Track width (board setup constraints min width 0.2000 mm; actual 0.1500 mm)
    Rule: netclass 'Default'; error
    @(106.7243 mm, 78.1893 mm): Track [GND] on F.Cu, length 0.9041 mm
[track_width]: Track width (board setup constraints min width 0.2000 mm; actual 0.1500 mm)
    Rule: netclass 'Default'; error
    @(85.4705 mm, 52.6754 mm): Track [GND] on F.Cu, length 0.5676 mm
[track_width]: Track width (board setup constraints min width 0.2000 mm; actual 0.1500 mm)
    Rule: netclass 'Default'; error
    @(90.5000 mm, 74.2760 mm): Track [GND] on F.Cu, length 1.0887 mm
[track_width]: Track width (board setup constraints min width 0.2000 mm; actual 0.1500 mm)
    Rule: netclass 'Default'; error
    @(106.7243 mm, 94.1893 mm): Track [GND] on F.Cu, length 0.9041 mm
[track_width]: Track width (board setup constraints min width 0.2000 mm; actual 0.1500 mm)
    Rule: netclass 'Default'; error
    @(112.9636 mm, 108.6508 mm): Track [GND] on F.Cu, length 0.7519 mm
[track_width]: Track width (board setup constraints min width 0.2000 mm; actual 0.1500 mm)
    Rule: netclass 'Default'; error
    @(94.7003 mm, 82.1653 mm): Track [GND] on F.Cu, length 0.8702 mm
[track_width]: Track width (board setup constraints min width 0.2000 mm; actual 0.1500 mm)
    Rule: netclass 'Default'; error
    @(102.1864 mm, 78.2006 mm): Track [GND] on F.Cu, length 1.1727 mm
[track_width]: Track width (board setup constraints min width 0.2000 mm; actual 0.1500 mm)
    Rule: netclass 'Default'; error
    @(90.7243 mm, 78.1893 mm): Track [GND] on F.Cu, length 0.5401 mm
[track_width]: Track width (board setup constraints min width 0.2000 mm; actual 0.1500 mm)
    Rule: netclass 'Default'; error
    @(90.1092 mm, 91.4743 mm): Track [GND] on F.Cu, length 0.1519 mm
[track_width]: Track width (board setup constraints min width 0.2000 mm; actual 0.1500 mm)
    Rule: netclass 'Default'; error
    @(98.3531 mm, 78.0339 mm): Track [GND] on F.Cu, length 0.2158 mm
[track_width]: Track width (board setup constraints min width 0.2000 mm; actual 0.1500 mm)
    Rule: netclass 'Default'; error
    @(103.0000 mm, 78.0339 mm): Track [GND] on F.Cu, length 0.4311 mm
[track_width]: Track width (board setup constraints min width 0.2000 mm; actual 0.1500 mm)
    Rule: netclass 'Default'; error
    @(102.9398 mm, 89.8647 mm): Track [GND] on F.Cu, length 0.1595 mm
[track_width]: Track width (board setup constraints min width 0.2000 mm; actual 0.1500 mm)
    Rule: netclass 'Default'; error
    @(94.7243 mm, 90.1893 mm): Track [GND] on F.Cu, length 0.9041 mm
[track_width]: Track width (board setup constraints min width 0.2000 mm; actual 0.1500 mm)
    Rule: netclass 'Default'; error
    @(87.0598 mm, 100.4651 mm): Track [GND] on F.Cu, length 0.0001 mm
[track_width]: Track width (board setup constraints min width 0.2000 mm; actual 0.1500 mm)
    Rule: netclass 'Default'; error
    @(102.3531 mm, 93.8181 mm): Track [GND] on F.Cu, length 0.3792 mm
[track_width]: Track width (board setup constraints min width 0.2000 mm; actual 0.1500 mm)
    Rule: netclass 'Default'; error
    @(95.2644 mm, 78.1893 mm): Track [GND] on F.Cu, length 0.5401 mm
[track_width]: Track width (board setup constraints min width 0.2000 mm; actual 0.1500 mm)
    Rule: netclass 'Default'; error
    @(88.3704 mm, 99.1170 mm): Track [GND] on F.Cu, length 0.0376 mm
[track_width]: Track width (board setup constraints min width 0.2000 mm; actual 0.1500 mm)
    Rule: netclass 'Default'; error
    @(107.2644 mm, 90.1893 mm): Track [GND] on F.Cu, length 0.5401 mm
[track_width]: Track width (board setup constraints min width 0.2000 mm; actual 0.1500 mm)
    Rule: netclass 'Default'; error
    @(102.3531 mm, 77.8181 mm): Track [GND] on F.Cu, length 0.3792 mm
[track_width]: Track width (board setup constraints min width 0.2000 mm; actual 0.1500 mm)
    Rule: netclass 'Default'; error
    @(94.0850 mm, 78.0059 mm): Track [GND] on F.Cu, length 0.4559 mm
[track_width]: Track width (board setup constraints min width 0.2000 mm; actual 0.1500 mm)
    Rule: netclass 'Default'; error
    @(99.2644 mm, 78.1893 mm): Track [GND] on F.Cu, length 0.5401 mm
[track_width]: Track width (board setup constraints min width 0.2000 mm; actual 0.1500 mm)
    Rule: netclass 'Default'; error
    @(89.9393 mm, 77.5500 mm): Track [GND] on F.Cu, length 1.6423 mm
[track_width]: Track width (board setup constraints min width 0.2000 mm; actual 0.1500 mm)
    Rule: netclass 'Default'; error
    @(103.2644 mm, 94.1893 mm): Track [GND] on F.Cu, length 0.5401 mm
[track_width]: Track width (board setup constraints min width 0.2000 mm; actual 0.1500 mm)
    Rule: netclass 'Default'; error
    @(98.1864 mm, 94.2006 mm): Track [GND] on F.Cu, length 0.8703 mm
[track_width]: Track width (board setup constraints min width 0.2000 mm; actual 0.1500 mm)
    Rule: netclass 'Default'; error
    @(98.9798 mm, 85.5500 mm): Track [GND] on F.Cu, length 0.2222 mm
[track_width]: Track width (board setup constraints min width 0.2000 mm; actual 0.1500 mm)
    Rule: netclass 'Default'; error
    @(113.4998 mm, 53.8438 mm): Track [GND] on F.Cu, length 0.5249 mm
[track_width]: Track width (board setup constraints min width 0.2000 mm; actual 0.1500 mm)
    Rule: netclass 'Default'; error
    @(99.2644 mm, 86.1893 mm): Track [GND] on F.Cu, length 0.2846 mm
[track_width]: Track width (board setup constraints min width 0.2000 mm; actual 0.1500 mm)
    Rule: netclass 'Default'; error
    @(99.2644 mm, 90.1893 mm): Track [GND] on F.Cu, length 0.9041 mm
[track_width]: Track width (board setup constraints min width 0.2000 mm; actual 0.1500 mm)
    Rule: netclass 'Default'; error
    @(107.2644 mm, 78.1893 mm): Track [GND] on F.Cu, length 0.5401 mm
[track_width]: Track width (board setup constraints min width 0.2000 mm; actual 0.1500 mm)
    Rule: netclass 'Default'; error
    @(87.0598 mm, 100.4652 mm): Track [GND] on F.Cu, length 0.1360 mm
[track_width]: Track width (board setup constraints min width 0.2000 mm; actual 0.1500 mm)
    Rule: netclass 'Default'; error
    @(98.7243 mm, 82.1893 mm): Track [GND] on F.Cu, length 0.2198 mm
[track_width]: Track width (board setup constraints min width 0.2000 mm; actual 0.1500 mm)
    Rule: netclass 'Default'; error
    @(102.3531 mm, 78.0339 mm): Track [GND] on F.Cu, length 0.2158 mm
[track_width]: Track width (board setup constraints min width 0.2000 mm; actual 0.1500 mm)
    Rule: netclass 'Default'; error
    @(103.2644 mm, 78.1893 mm): Track [GND] on F.Cu, length 0.2644 mm
[track_width]: Track width (board setup constraints min width 0.2000 mm; actual 0.1500 mm)
    Rule: netclass 'Default'; error
    @(90.1092 mm, 91.6401 mm): Track [GND] on F.Cu, length 0.1658 mm
[track_width]: Track width (board setup constraints min width 0.2000 mm; actual 0.1500 mm)
    Rule: netclass 'Default'; error
    @(90.1092 mm, 91.3224 mm): Track [GND] on F.Cu, length 1.2961 mm
[track_width]: Track width (board setup constraints min width 0.2000 mm; actual 0.1500 mm)
    Rule: netclass 'Default'; error
    @(89.4113 mm, 74.2760 mm): Track [GND] on F.Cu, length 1.2888 mm
[track_width]: Track width (board setup constraints min width 0.2000 mm; actual 0.1500 mm)
    Rule: netclass 'Default'; error
    @(112.8696 mm, 99.8992 mm): Track [V3V3_AON] on F.Cu, length 0.6579 mm
[track_width]: Track width (board setup constraints min width 0.2000 mm; actual 0.1500 mm)
    Rule: netclass 'Default'; error
    @(112.2117 mm, 99.8992 mm): Track [V3V3_AON] on F.Cu, length 0.4938 mm
[track_width]: Track width (board setup constraints min width 0.2000 mm; actual 0.1500 mm)
    Rule: netclass 'Default'; error
    @(110.6957 mm, 109.6008 mm): Track [RUN_ENABLE] on F.Cu, length 0.8176 mm
[track_width]: Track width (board setup constraints min width 0.2000 mm; actual 0.1500 mm)
    Rule: netclass 'Default'; error
    @(111.5133 mm, 109.6008 mm): Track [RUN_ENABLE] on F.Cu, length 0.4938 mm
[track_width]: Track width (board setup constraints min width 0.2000 mm; actual 0.1500 mm)
    Rule: netclass 'Default'; error
    @(102.7833 mm, 64.1744 mm): Track [LED_ENABLE] on F.Cu, length 0.9298 mm
[track_width]: Track width (board setup constraints min width 0.2000 mm; actual 0.1500 mm)
    Rule: netclass 'Default'; error
    @(110.4585 mm, 77.4500 mm): Track [LED_ENABLE] on F.Cu, length 2.4040 mm
[track_width]: Track width (board setup constraints min width 0.2000 mm; actual 0.1500 mm)
    Rule: netclass 'Default'; error
    @(109.7845 mm, 76.7760 mm): Track [LED_ENABLE] on F.Cu, length 0.9532 mm
[track_width]: Track width (board setup constraints min width 0.2000 mm; actual 0.1500 mm)
    Rule: netclass 'Default'; error
    @(112.2104 mm, 67.9504 mm): Track [LED_ENABLE] on F.Cu, length 0.0701 mm
[track_width]: Track width (board setup constraints min width 0.2000 mm; actual 0.1500 mm)
    Rule: netclass 'Default'; error
    @(103.7131 mm, 64.1744 mm): Track [LED_ENABLE] on F.Cu, length 0.2113 mm
[track_width]: Track width (board setup constraints min width 0.2000 mm; actual 0.1500 mm)
    Rule: netclass 'Default'; error
    @(111.4164 mm, 67.9504 mm): Track [LED_ENABLE] on F.Cu, length 0.7940 mm
[track_width]: Track width (board setup constraints min width 0.2000 mm; actual 0.1500 mm)
    Rule: netclass 'Default'; error
    @(110.5406 mm, 56.4248 mm): Track [VBAT_PERIPH] on F.Cu, length 0.2079 mm
[track_width]: Track width (board setup constraints min width 0.2000 mm; actual 0.1500 mm)
    Rule: netclass 'Default'; error
    @(110.7485 mm, 56.4248 mm): Track [VBAT_PERIPH] on F.Cu, length 0.5300 mm
[track_width]: Track width (board setup constraints min width 0.2000 mm; actual 0.1500 mm)
    Rule: netclass 'Default'; error
    @(111.8000 mm, 56.0500 mm): Track [VBAT_PERIPH] on F.Cu, length 0.6767 mm
[track_width]: Track width (board setup constraints min width 0.2000 mm; actual 0.1500 mm)
    Rule: netclass 'Default'; error
    @(112.9127 mm, 68.4504 mm): Track [VBAT_PERIPH] on F.Cu, length 0.6031 mm
[track_width]: Track width (board setup constraints min width 0.2000 mm; actual 0.1500 mm)
    Rule: netclass 'Default'; error
    @(112.3096 mm, 68.4504 mm): Track [VBAT_PERIPH] on F.Cu, length 0.0701 mm
[track_width]: Track width (board setup constraints min width 0.2000 mm; actual 0.1500 mm)
    Rule: netclass 'Default'; error
    @(85.7954 mm, 50.1290 mm): Track [VBAT] on F.Cu, length 2.2462 mm
[track_width]: Track width (board setup constraints min width 0.2000 mm; actual 0.1500 mm)
    Rule: netclass 'Default'; error
    @(84.2071 mm, 48.5407 mm): Track [VBAT] on F.Cu, length 0.1634 mm
[track_width]: Track width (board setup constraints min width 0.2000 mm; actual 0.1500 mm)
    Rule: netclass 'Default'; error
    @(117.2262 mm, 66.7814 mm): Track [LED_SW] on F.Cu, length 0.3278 mm
[track_width]: Track width (board setup constraints min width 0.2000 mm; actual 0.1500 mm)
    Rule: netclass 'Default'; error
    @(117.2262 mm, 66.2634 mm): Track [LED_SW] on F.Cu, length 0.5180 mm
[track_width]: Track width (board setup constraints min width 0.2000 mm; actual 0.1500 mm)
    Rule: netclass 'Default'; error
    @(117.3551 mm, 67.9504 mm): Track [LED_SW] on F.Cu, length 3.5655 mm
[track_width]: Track width (board setup constraints min width 0.2000 mm; actual 0.1500 mm)
    Rule: netclass 'Default'; error
    @(113.7896 mm, 67.9504 mm): Track [LED_SW] on F.Cu, length 0.0701 mm
[track_width]: Track width (board setup constraints min width 0.2000 mm; actual 0.1500 mm)
    Rule: netclass 'Default'; error
    @(96.8960 mm, 62.8744 mm): Track [HOST_IMU_INT] on F.Cu, length 1.0921 mm
[track_width]: Track width (board setup constraints min width 0.2000 mm; actual 0.1500 mm)
    Rule: netclass 'Default'; error
    @(97.9881 mm, 62.8744 mm): Track [HOST_IMU_INT] on F.Cu, length 0.2113 mm
[track_width]: Track width (board setup constraints min width 0.2000 mm; actual 0.1500 mm)
    Rule: netclass 'Default'; error
    @(104.0119 mm, 65.4744 mm): Track [HAPTIC_DRIVE] on F.Cu, length 0.2113 mm
[track_width]: Track width (board setup constraints min width 0.2000 mm; actual 0.1500 mm)
    Rule: netclass 'Default'; error
    @(106.9197 mm, 65.4744 mm): Track [HAPTIC_DRIVE] on F.Cu, length 2.9078 mm
[track_width]: Track width (board setup constraints min width 0.2000 mm; actual 0.1500 mm)
    Rule: netclass 'Default'; error
    @(106.2240 mm, 64.8244 mm): Track [LED_DATA_MCU] on F.Cu, length 2.2121 mm
[track_width]: Track width (board setup constraints min width 0.2000 mm; actual 0.1500 mm)
    Rule: netclass 'Default'; error
    @(104.0119 mm, 64.8244 mm): Track [LED_DATA_MCU] on F.Cu, length 0.2113 mm
[track_width]: Track width (board setup constraints min width 0.2000 mm; actual 0.1500 mm)
    Rule: netclass 'Default'; error
    @(102.6198 mm, 63.5244 mm): Track [IMU_INT] on F.Cu, length 1.0933 mm
[track_width]: Track width (board setup constraints min width 0.2000 mm; actual 0.1500 mm)
    Rule: netclass 'Default'; error
    @(103.7131 mm, 63.5244 mm): Track [IMU_INT] on F.Cu, length 0.2113 mm
[track_width]: Track width (board setup constraints min width 0.2000 mm; actual 0.1500 mm)
    Rule: netclass 'Default'; error
    @(104.0119 mm, 62.8744 mm): Track [ISOLATE_N] on F.Cu, length 0.2113 mm
[track_width]: Track width (board setup constraints min width 0.2000 mm; actual 0.1500 mm)
    Rule: netclass 'Default'; error
    @(102.8499 mm, 53.7250 mm): Track [ISOLATE_N] on F.Cu, length 0.6616 mm
[track_width]: Track width (board setup constraints min width 0.2000 mm; actual 0.1500 mm)
    Rule: netclass 'Default'; error
    @(106.5145 mm, 62.8744 mm): Track [ISOLATE_N] on F.Cu, length 2.5026 mm
[track_width]: Track width (board setup constraints min width 0.2000 mm; actual 0.1500 mm)
    Rule: netclass 'Default'; error
    @(103.8625 mm, 53.7250 mm): Track [ISOLATE_N] on F.Cu, length 1.0126 mm
[track_width]: Track width (board setup constraints min width 0.2000 mm; actual 0.1500 mm)
    Rule: netclass 'Default'; error
    @(103.8625 mm, 56.9750 mm): Track [PDM_CLK_MCU] on F.Cu, length 0.2113 mm
[track_width]: Track width (board setup constraints min width 0.2000 mm; actual 0.1500 mm)
    Rule: netclass 'Default'; error
    @(103.7131 mm, 57.1244 mm): Track [PDM_CLK_MCU] on F.Cu, length 1.0969 mm
[track_width]: Track width (board setup constraints min width 0.2000 mm; actual 0.1500 mm)
    Rule: netclass 'Default'; error
    @(103.2101 mm, 58.2750 mm): Track [FG_SDA] on F.Cu, length 1.5008 mm
[track_width]: Track width (board setup constraints min width 0.2000 mm; actual 0.1500 mm)
    Rule: netclass 'Default'; error
    @(103.8625 mm, 58.2750 mm): Track [FG_SDA] on F.Cu, length 0.6524 mm
[track_width]: Track width (board setup constraints min width 0.2000 mm; actual 0.1500 mm)
    Rule: netclass 'Default'; error
    @(92.7892 mm, 82.4241 mm): Track [LED_CHAIN_10] on F.Cu, length 1.1655 mm
[track_width]: Track width (board setup constraints min width 0.2000 mm; actual 0.1500 mm)
    Rule: netclass 'Default'; error
    @(91.8908 mm, 83.4107 mm): Track [LED_CHAIN_10] on F.Cu, length 0.7665 mm
[track_width]: Track width (board setup constraints min width 0.2000 mm; actual 0.1500 mm)
    Rule: netclass 'Default'; error
    @(91.9651 mm, 83.2482 mm): Track [LED_CHAIN_10] on F.Cu, length 0.1625 mm
[track_width]: Track width (board setup constraints min width 0.2000 mm; actual 0.1500 mm)
    Rule: netclass 'Default'; error
    @(105.8375 mm, 60.2750 mm): Track [MOTOR_GATE] on F.Cu, length 1.6955 mm
[track_width]: Track width (board setup constraints min width 0.2000 mm; actual 0.1500 mm)
    Rule: netclass 'Default'; error
    @(107.0364 mm, 61.4739 mm): Track [MOTOR_GATE] on F.Cu, length 0.0375 mm
[track_width]: Track width (board setup constraints min width 0.2000 mm; actual 0.1500 mm)
    Rule: netclass 'Default'; error
    @(98.1375 mm, 53.7250 mm): Track [HOST_SD_CLK] on F.Cu, length 1.0254 mm
[track_width]: Track width (board setup constraints min width 0.2000 mm; actual 0.1500 mm)
    Rule: netclass 'Default'; error
    @(99.1629 mm, 53.7250 mm): Track [HOST_SD_CLK] on F.Cu, length 0.3247 mm
[track_width]: Track width (board setup constraints min width 0.2000 mm; actual 0.1500 mm)
    Rule: netclass 'Default'; error
    @(98.2869 mm, 55.1744 mm): Track [HOST_SD_MOSI] on F.Cu, length 0.2113 mm
[track_width]: Track width (board setup constraints min width 0.2000 mm; actual 0.1500 mm)
    Rule: netclass 'Default'; error
    @(99.4004 mm, 55.1744 mm): Track [HOST_SD_MOSI] on F.Cu, length 1.1135 mm
[track_width]: Track width (board setup constraints min width 0.2000 mm; actual 0.1500 mm)
    Rule: netclass 'Default'; error
    @(99.1434 mm, 56.0268 mm): Track [HOST_SD_MISO] on F.Cu, length 0.1303 mm
[track_width]: Track width (board setup constraints min width 0.2000 mm; actual 0.1500 mm)
    Rule: netclass 'Default'; error
    @(99.3861 mm, 56.2695 mm): Track [HOST_SD_MISO] on F.Cu, length 0.3432 mm
[track_width]: Track width (board setup constraints min width 0.2000 mm; actual 0.1500 mm)
    Rule: netclass 'Default'; error
    @(99.1431 mm, 55.8244 mm): Track [HOST_SD_MISO] on F.Cu, length 0.8562 mm
[track_width]: Track width (board setup constraints min width 0.2000 mm; actual 0.1500 mm)
    Rule: netclass 'Default'; error
    @(98.2869 mm, 55.8244 mm): Track [HOST_SD_MISO] on F.Cu, length 0.2113 mm
[track_width]: Track width (board setup constraints min width 0.2000 mm; actual 0.1500 mm)
    Rule: netclass 'Default'; error
    @(98.1375 mm, 56.3250 mm): Track [HOST_PDM_CLK] on F.Cu, length 0.2113 mm
[track_width]: Track width (board setup constraints min width 0.2000 mm; actual 0.1500 mm)
    Rule: netclass 'Default'; error
    @(97.9881 mm, 56.4744 mm): Track [HOST_PDM_CLK] on F.Cu, length 1.0982 mm
[track_width]: Track width (board setup constraints min width 0.2000 mm; actual 0.1500 mm)
    Rule: netclass 'Default'; error
    @(97.9881 mm, 58.1256 mm): Track [HOST_SCL] on F.Cu, length 0.2113 mm
[track_width]: Track width (board setup constraints min width 0.2000 mm; actual 0.1500 mm)
    Rule: netclass 'Default'; error
    @(95.5684 mm, 58.1256 mm): Track [HOST_SCL] on F.Cu, length 2.4197 mm
[track_width]: Track width (board setup constraints min width 0.2000 mm; actual 0.1500 mm)
    Rule: netclass 'Default'; error
    @(104.7861 mm, 56.4744 mm): Track [SD_MISO] on F.Cu, length 0.7742 mm
[track_width]: Track width (board setup constraints min width 0.2000 mm; actual 0.1500 mm)
    Rule: netclass 'Default'; error
    @(104.0119 mm, 56.4744 mm): Track [SD_MISO] on F.Cu, length 0.2113 mm
[track_width]: Track width (board setup constraints min width 0.2000 mm; actual 0.1500 mm)
    Rule: netclass 'Default'; error
    @(84.3503 mm, 62.2786 mm): Track [SD_MOSI] on F.Cu, length 0.3527 mm
[track_width]: Track width (board setup constraints min width 0.2000 mm; actual 0.1500 mm)
    Rule: netclass 'Default'; error
    @(83.1500 mm, 61.9050 mm): Track [SD_MOSI] on F.Cu, length 0.8267 mm
[track_width]: Track width (board setup constraints min width 0.2000 mm; actual 0.1500 mm)
    Rule: netclass 'Default'; error
    @(83.9767 mm, 61.9050 mm): Track [SD_MOSI] on F.Cu, length 0.5284 mm
[track_width]: Track width (board setup constraints min width 0.2000 mm; actual 0.1500 mm)
    Rule: netclass 'Default'; error
    @(91.9997 mm, 91.7994 mm): Track [LED_CHAIN_20] on F.Cu, length 0.0863 mm
[track_width]: Track width (board setup constraints min width 0.2000 mm; actual 0.1500 mm)
    Rule: netclass 'Default'; error
    @(91.3969 mm, 91.7994 mm): Track [LED_CHAIN_20] on F.Cu, length 0.6028 mm
[track_width]: Track width (board setup constraints min width 0.2000 mm; actual 0.1500 mm)
    Rule: netclass 'Default'; error
    @(98.1527 mm, 112.3051 mm): Track [MCU_EN] on B.Cu, length 0.2830 mm
[track_width]: Track width (board setup constraints min width 0.2000 mm; actual 0.1500 mm)
    Rule: netclass 'Default'; error
    @(97.8697 mm, 112.3051 mm): Track [MCU_EN] on B.Cu, length 0.1027 mm
[track_width]: Track width (board setup constraints min width 0.2000 mm; actual 0.1200 mm)
    Rule: netclass 'Default'; error
    @(103.2671 mm, 87.8021 mm): Track [LED_CHAIN_16] on F.Cu, length 0.1353 mm
[track_width]: Track width (board setup constraints min width 0.2000 mm; actual 0.1200 mm)
    Rule: netclass 'Default'; error
    @(103.5499 mm, 87.8021 mm): Track [LED_CHAIN_16] on F.Cu, length 0.2828 mm
[track_width]: Track width (board setup constraints min width 0.2000 mm; actual 0.1500 mm)
    Rule: netclass 'Default'; error
    @(103.6909 mm, 87.6611 mm): Track [LED_CHAIN_16] on F.Cu, length 0.1994 mm
[lib_footprint_issues]: The current configuration does not include the footprint library 'stdlib_kicad-footprints_Resistor_SMD'
    Local override; warning
    @(92.5000 mm, 73.5000 mm): Footprint R21
[lib_footprint_issues]: The current configuration does not include the footprint library 'stdlib_kicad-footprints_Capacitor_SMD'
    Local override; warning
    @(95.0000 mm, 82.8000 mm): Footprint C23
[lib_footprint_issues]: The current configuration does not include the footprint library 'stdlib_kicad-footprints_Resistor_SMD'
    Local override; warning
    @(113.0000 mm, 93.0000 mm): Footprint R1
[lib_footprint_issues]: The current configuration does not include the footprint library 'stdlib_kicad-footprints_Resistor_SMD'
    Local override; warning
    @(85.0000 mm, 109.5000 mm): Footprint R5
[lib_footprint_issues]: The current configuration does not include the footprint library 'embedr_ai_pendant_recorder_components_tps22918_assets'
    Local override; warning
    @(113.0000 mm, 100.5000 mm): Footprint U8
[lib_footprint_issues]: The current configuration does not include the footprint library 'stdlib_kicad-footprints_Capacitor_SMD'
    Local override; warning
    @(103.0000 mm, 86.8000 mm): Footprint C28
[lib_footprint_issues]: The current configuration does not include the footprint library 'stdlib_kicad-footprints_Resistor_SMD'
    Local override; warning
    @(88.0000 mm, 88.0000 mm): Footprint R23
[lib_footprint_issues]: The current configuration does not include the footprint library 'stdlib_kicad-footprints_Resistor_SMD'
    Local override; warning
    @(110.0000 mm, 76.0000 mm): Footprint R27
[lib_footprint_issues]: The current configuration does not include the footprint library 'embedr_ai_pendant_recorder_components_ws2812c-2020-v1'
    Local override; warning
    @(107.0000 mm, 77.0000 mm): Footprint LED5
[lib_footprint_issues]: The current configuration does not include the footprint library 'stdlib_kicad-footprints_Capacitor_SMD'
    Local override; warning
    @(109.0000 mm, 57.0000 mm): Footprint C7
[lib_footprint_issues]: The current configuration does not include the footprint library 'embedr_ai_pendant_recorder_components_ws2812c-2020-v1'
    Local override; warning
    @(103.0000 mm, 77.0000 mm): Footprint LED4
[lib_footprint_issues]: The current configuration does not include the footprint library 'stdlib_kicad-footprints_Capacitor_SMD'
    Local override; warning
    @(114.0000 mm, 73.5000 mm): Footprint C14
[lib_footprint_issues]: The current configuration does not include the footprint library 'stdlib_kicad-footprints_Resistor_SMD'
    Local override; warning
    @(110.0000 mm, 71.0000 mm): Footprint R26
[lib_footprint_issues]: The current configuration does not include the footprint library 'embedr_ai_pendant_recorder_components_ws2812c-2020-v1'
    Local override; warning
    @(107.0000 mm, 93.0000 mm): Footprint LED25
[lib_footprint_issues]: The current configuration does not include the footprint library 'stdlib_kicad-footprints_Capacitor_SMD'
    Local override; warning
    @(99.0000 mm, 86.8000 mm): Footprint C27
[lib_footprint_issues]: The current configuration does not include the footprint library 'stdlib_kicad-footprints_Capacitor_SMD'
    Local override; warning
    @(103.0000 mm, 90.8000 mm): Footprint C31
[lib_footprint_issues]: The current configuration does not include the footprint library 'embedr_ai_pendant_recorder_components_im69d130'
    Local override; warning
    @(85.0000 mm, 94.5000 mm): Footprint MK1
[lib_footprint_issues]: The current configuration does not include the footprint library 'stdlib_kicad-footprints_Capacitor_SMD'
    Local override; warning
    @(95.0000 mm, 94.8000 mm): Footprint C36
[lib_footprint_issues]: The current configuration does not include the footprint library 'stdlib_kicad-footprints_Capacitor_SMD'
    Local override; warning
    @(105.7000 mm, 54.0000 mm): Footprint C45
[lib_footprint_issues]: The current configuration does not include the footprint library 'embedr_ai_pendant_recorder_components_tps22918_assets'
    Local override; warning
    @(113.0000 mm, 109.0000 mm): Footprint U9
[lib_footprint_issues]: The current configuration does not include the footprint library 'stdlib_kicad-footprints_Capacitor_SMD'
    Local override; warning
    @(95.0000 mm, 86.8000 mm): Footprint C26
[lib_footprint_issues]: The current configuration does not include the footprint library 'embedr_ai_pendant_recorder_components_ws2812c-2020-v1'
    Local override; warning
    @(95.0000 mm, 81.0000 mm): Footprint LED9
[lib_footprint_issues]: The current configuration does not include the footprint library 'embedr_ai_pendant_recorder_components_tps61023_assets'
    Local override; warning
    @(113.0000 mm, 68.0000 mm): Footprint U5
[lib_footprint_issues]: The current configuration does not include the footprint library 'stdlib_kicad-footprints_Resistor_SMD'
    Local override; warning
    @(84.5000 mm, 69.5000 mm): Footprint R18
[lib_footprint_issues]: The current configuration does not include the footprint library 'embedr_ai_pendant_recorder_components_sn74cbtlv3245a'
    Local override; warning
    @(101.0000 mm, 65.0000 mm): Footprint U11
[lib_footprint_issues]: The current configuration does not include the footprint library 'stdlib_kicad-footprints_Capacitor_SMD'
    Local override; warning
    @(116.0000 mm, 102.5000 mm): Footprint C41
[lib_footprint_issues]: The current configuration does not include the footprint library 'stdlib_kicad-footprints_Resistor_SMD'
    Local override; warning
    @(85.0000 mm, 89.0000 mm): Footprint R16
[lib_footprint_issues]: The current configuration does not include the footprint library 'stdlib_kicad-footprints_Resistor_SMD'
    Local override; warning
    @(85.0000 mm, 107.0000 mm): Footprint R4
[lib_footprint_issues]: The current configuration does not include the footprint library 'embedr_ai_pendant_recorder_components_motor-diode'
    Local override; warning
    @(108.0000 mm, 54.0000 mm): Footprint D1
[lib_footprint_issues]: The current configuration does not include the footprint library 'stdlib_kicad-footprints_Capacitor_SMD'
    Local override; warning
    @(107.0000 mm, 94.8000 mm): Footprint C39
[lib_footprint_issues]: The current configuration does not include the footprint library 'embedr_ai_pendant_recorder_components_ws2812c-2020-v1'
    Local override; warning
    @(95.0000 mm, 77.0000 mm): Footprint LED2
[lib_footprint_issues]: The current configuration does not include the footprint library 'stdlib_kicad-footprints_Capacitor_SMD'
    Local override; warning
    @(91.0000 mm, 94.8000 mm): Footprint C35
[lib_footprint_issues]: The current configuration does not include the footprint library 'embedr_ai_pendant_recorder_components_ws2812c-2020-v1'
    Local override; warning
    @(91.0000 mm, 85.0000 mm): Footprint LED11
[lib_footprint_issues]: The current configuration does not include the footprint library 'stdlib_kicad-footprints_Resistor_SMD'
    Local override; warning
    @(107.0000 mm, 65.0000 mm): Footprint R7
[lib_footprint_issues]: The current configuration does not include the footprint library 'embedr_ai_pendant_recorder_components_ao3400a_assets'
    Local override; warning
    @(107.0000 mm, 61.0000 mm): Footprint Q1
[lib_footprint_issues]: The current configuration does not include the footprint library 'stdlib_kicad-footprints_Capacitor_SMD'
    Local override; warning
    @(116.0000 mm, 54.0000 mm): Footprint C8
[lib_footprint_issues]: The current configuration does not include the footprint library 'stdlib_kicad-footprints_Resistor_SMD'
    Local override; warning
    @(87.0000 mm, 98.0000 mm): Footprint R29
[lib_footprint_issues]: The current configuration does not include the footprint library 'stdlib_kicad-footprints_Resistor_SMD'
    Local override; warning
    @(93.0000 mm, 70.5000 mm): Footprint R17
[lib_footprint_issues]: The current configuration does not include the footprint library 'stdlib_kicad-footprints_Capacitor_SMD'
    Local override; warning
    @(95.0000 mm, 78.8000 mm): Footprint C16
[lib_footprint_issues]: The current configuration does not include the footprint library 'embedr_ai_pendant_recorder_components_ws2812c-2020-v1'
    Local override; warning
    @(99.0000 mm, 93.0000 mm): Footprint LED23
[lib_footprint_issues]: The current configuration does not include the footprint library 'stdlib_kicad-footprints_Capacitor_SMD'
    Local override; warning
    @(91.0000 mm, 78.8000 mm): Footprint C15
[lib_footprint_issues]: The current configuration does not include the footprint library 'stdlib_kicad-footprints_Resistor_SMD'
    Local override; warning
    @(96.0000 mm, 73.5000 mm): Footprint R22
[lib_footprint_issues]: The current configuration does not include the footprint library 'stdlib_kicad-footprints_Capacitor_SMD'
    Local override; warning
    @(116.0000 mm, 111.0000 mm): Footprint C42
[lib_footprint_issues]: The current configuration does not include the footprint library 'embedr_ai_pendant_recorder_components_sn74cbtlv3245a'
    Local override; warning
    @(101.0000 mm, 56.0000 mm): Footprint U10
[lib_footprint_issues]: The current configuration does not include the footprint library 'stdlib_kicad-footprints_Capacitor_SMD'
    Local override; warning
    @(107.0000 mm, 86.8000 mm): Footprint C29
[lib_footprint_issues]: The current configuration does not include the footprint library 'stdlib_kicad-footprints_Capacitor_SMD'
    Local override; warning
    @(88.5000 mm, 77.0000 mm): Footprint C5
[lib_footprint_issues]: The current configuration does not include the footprint library 'embedr_ai_pendant_recorder_components_xel4030-102mec'
    Local override; warning
    @(114.0000 mm, 64.0000 mm): Footprint L1
[lib_footprint_issues]: The current configuration does not include the footprint library 'stdlib_kicad-footprints_Capacitor_SMD'
    Local override; warning
    @(99.0000 mm, 94.8000 mm): Footprint C37
[lib_footprint_issues]: The current configuration does not include the footprint library 'stdlib_kicad-footprints_Capacitor_SMD'
    Local override; warning
    @(99.0000 mm, 78.8000 mm): Footprint C17
[lib_footprint_issues]: The current configuration does not include the footprint library 'embedr_ai_pendant_recorder_components_ws2812c-2020-v1'
    Local override; warning
    @(95.0000 mm, 93.0000 mm): Footprint LED22
[lib_footprint_issues]: The current configuration does not include the footprint library 'stdlib_kicad-footprints_Capacitor_SMD'
    Local override; warning
    @(103.5000 mm, 60.5000 mm): Footprint C46
[lib_footprint_issues]: The current configuration does not include the footprint library 'stdlib_kicad-footprints_Capacitor_SMD'
    Local override; warning
    @(99.0000 mm, 82.8000 mm): Footprint C22
[lib_footprint_issues]: The current configuration does not include the footprint library 'stdlib_kicad-footprints_Capacitor_SMD'
    Local override; warning
    @(110.0000 mm, 64.0000 mm): Footprint C12
[lib_footprint_issues]: The current configuration does not include the footprint library 'stdlib_kicad-footprints_Resistor_SMD'
    Local override; warning
    @(110.0000 mm, 79.0000 mm): Footprint R28
[lib_footprint_issues]: The current configuration does not include the footprint library 'stdlib_kicad-footprints_Capacitor_SMD'
    Local override; warning
    @(103.0000 mm, 82.8000 mm): Footprint C21
[lib_footprint_issues]: The current configuration does not include the footprint library 'stdlib_kicad-footprints_MountingHole'
    Local override; warning
    @(85.5000 mm, 47.5000 mm): Footprint H1
[lib_footprint_issues]: The current configuration does not include the footprint library 'embedr_ai_pendant_recorder_components_ws2812c-2020-v1'
    Local override; warning
    @(107.0000 mm, 85.0000 mm): Footprint LED15
[lib_footprint_issues]: The current configuration does not include the footprint library 'stdlib_kicad-footprints_Capacitor_SMD'
    Local override; warning
    @(99.0000 mm, 90.8000 mm): Footprint C32
[lib_footprint_issues]: The current configuration does not include the footprint library 'embedr_ai_pendant_recorder_components_max17048g-t10_assets'
    Local override; warning
    @(85.5000 mm, 52.0000 mm): Footprint U3
[lib_footprint_issues]: The current configuration does not include the footprint library 'stdlib_kicad-footprints_Capacitor_SMD'
    Local override; warning
    @(99.8000 mm, 48.5000 mm): Footprint C2
[lib_footprint_issues]: The current configuration does not include the footprint library 'stdlib_kicad-footprints_Capacitor_SMD'
    Local override; warning
    @(103.0000 mm, 78.8000 mm): Footprint C18
[lib_footprint_issues]: The current configuration does not include the footprint library 'embedr_ai_pendant_recorder_components_ws2812c-2020-v1'
    Local override; warning
    @(107.0000 mm, 81.0000 mm): Footprint LED6
[lib_footprint_issues]: The current configuration does not include the footprint library 'stdlib_kicad-footprints_Capacitor_SMD'
    Local override; warning
    @(91.0000 mm, 86.8000 mm): Footprint C25
[lib_footprint_issues]: The current configuration does not include the footprint library 'stdlib_kicad-footprints_Capacitor_SMD'
    Local override; warning
    @(116.8000 mm, 77.0000 mm): Footprint C40
[lib_footprint_issues]: The current configuration does not include the footprint library 'embedr_ai_pendant_recorder_components_ws2812c-2020-v1'
    Local override; warning
    @(99.0000 mm, 81.0000 mm): Footprint LED8
[lib_footprint_issues]: The current configuration does not include the footprint library 'embedr_ai_pendant_recorder_components_ws2812c-2020-v1'
    Local override; warning
    @(99.0000 mm, 77.0000 mm): Footprint LED3
[lib_footprint_issues]: The current configuration does not include the footprint library 'stdlib_kicad-footprints_Capacitor_SMD'
    Local override; warning
    @(116.2000 mm, 68.0000 mm): Footprint C13
[lib_footprint_issues]: The current configuration does not include the footprint library 'stdlib_kicad-footprints_Capacitor_SMD'
    Local override; warning
    @(90.0000 mm, 49.0000 mm): Footprint C1
[lib_footprint_issues]: The current configuration does not include the footprint library 'stdlib_kicad-footprints_MountingHole'
    Local override; warning
    @(114.5000 mm, 116.5000 mm): Footprint H4
[lib_footprint_issues]: The current configuration does not include the footprint library 'embedr_ai_pendant_recorder_components_ws2812c-2020-v1'
    Local override; warning
    @(91.0000 mm, 93.0000 mm): Footprint LED21
[lib_footprint_issues]: The current configuration does not include the footprint library 'stdlib_kicad-footprints_Resistor_SMD'
    Local override; warning
    @(107.0000 mm, 68.0000 mm): Footprint R8
[lib_footprint_issues]: The current configuration does not include the footprint library 'stdlib_kicad-footprints_Capacitor_SMD'
    Local override; warning
    @(95.0000 mm, 90.8000 mm): Footprint C33
[lib_footprint_issues]: The current configuration does not include the footprint library 'stdlib_kicad-footprints_Capacitor_SMD'
    Local override; warning
    @(85.0000 mm, 92.0000 mm): Footprint C9
[lib_footprint_issues]: The current configuration does not include the footprint library 'embedr_ai_pendant_recorder_components_ws2812c-2020-v1'
    Local override; warning
    @(91.0000 mm, 77.0000 mm): Footprint LED1
[lib_footprint_issues]: The current configuration does not include the footprint library 'embedr_ai_pendant_recorder_components_ck-js202011aqn_assets'
    Local override; warning
    @(113.3000 mm, 86.0000 mm): Footprint SW2
[lib_footprint_issues]: The current configuration does not include the footprint library 'embedr_ai_pendant_recorder_components_tps22918_assets'
    Local override; warning
    @(114.0000 mm, 76.5000 mm): Footprint U7
[lib_footprint_issues]: The current configuration does not include the footprint library 'stdlib_kicad-footprints_Capacitor_SMD'
    Local override; warning
    @(91.0000 mm, 82.8000 mm): Footprint C24
[lib_footprint_issues]: The current configuration does not include the footprint library 'embedr_ai_pendant_recorder_components_ws2812c-2020-v1'
    Local override; warning
    @(103.0000 mm, 81.0000 mm): Footprint LED7
[lib_footprint_issues]: The current configuration does not include the footprint library 'stdlib_kicad-footprints_TestPoint'
    Local override; warning
    @(88.5000 mm, 110.0000 mm): Footprint TP4
[lib_footprint_issues]: The current configuration does not include the footprint library 'embedr_ai_pendant_recorder_components_ws2812c-2020-v1'
    Local override; warning
    @(107.0000 mm, 89.0000 mm): Footprint LED16
[lib_footprint_issues]: The current configuration does not include the footprint library 'embedr_ai_pendant_recorder_components_ws2812c-2020-v1'
    Local override; warning
    @(99.0000 mm, 89.0000 mm): Footprint LED18
[lib_footprint_issues]: The current configuration does not include the footprint library 'embedr_ai_pendant_recorder_components_ao3400a_assets'
    Local override; warning
    @(87.0000 mm, 101.0000 mm): Footprint Q2
[lib_footprint_issues]: The current configuration does not include the footprint library 'stdlib_kicad-footprints_Resistor_SMD'
    Local override; warning
    @(87.0000 mm, 104.0000 mm): Footprint R30
[lib_footprint_issues]: The current configuration does not include the footprint library 'embedr_ai_pendant_recorder_components_bmi270'
    Local override; warning
    @(85.0000 mm, 77.0000 mm): Footprint U4
[lib_footprint_issues]: The current configuration does not include the footprint library 'stdlib_kicad-footprints_Capacitor_SMD'
    Local override; warning
    @(103.0000 mm, 94.8000 mm): Footprint C38
[lib_footprint_issues]: The current configuration does not include the footprint library 'stdlib_kicad-footprints_Capacitor_SMD'
    Local override; warning
    @(96.0000 mm, 60.0000 mm): Footprint C10
[lib_footprint_issues]: The current configuration does not include the footprint library 'stdlib_kicad-footprints_Capacitor_SMD'
    Local override; warning
    @(113.0000 mm, 103.5000 mm): Footprint C43
[lib_footprint_issues]: The current configuration does not include the footprint library 'stdlib_kicad-footprints_Capacitor_SMD'
    Local override; warning
    @(89.0000 mm, 52.0000 mm): Footprint C3
[lib_footprint_issues]: The current configuration does not include the footprint library 'embedr_ai_pendant_recorder_components_motor-ldo'
    Local override; warning
    @(113.0000 mm, 57.0000 mm): Footprint U6
[lib_footprint_issues]: The current configuration does not include the footprint library 'stdlib_kicad-footprints_Capacitor_SMD'
    Local override; warning
    @(107.0000 mm, 78.8000 mm): Footprint C19
[lib_footprint_issues]: The current configuration does not include the footprint library 'stdlib_kicad-footprints_Capacitor_SMD'
    Local override; warning
    @(85.0000 mm, 80.5000 mm): Footprint C4
[lib_footprint_issues]: The current configuration does not include the footprint library 'stdlib_kicad-footprints_MountingHole'
    Local override; warning
    @(84.9000 mm, 116.5000 mm): Footprint H3
[lib_footprint_issues]: The current configuration does not include the footprint library 'stdlib_kicad-footprints_MountingHole'
    Local override; warning
    @(114.5000 mm, 47.5000 mm): Footprint H2
[lib_footprint_issues]: The current configuration does not include the footprint library 'embedr_ai_pendant_recorder_components_pts841gksmtr'
    Local override; warning
    @(113.0000 mm, 96.0000 mm): Footprint SW1
[lib_footprint_issues]: The current configuration does not include the footprint library 'embedr_ai_pendant_recorder_components_ws2812c-2020-v1'
    Local override; warning
    @(99.0000 mm, 85.0000 mm): Footprint LED13
[lib_footprint_issues]: The current configuration does not include the footprint library 'embedr_ai_pendant_recorder_components_ws2812c-2020-v1'
    Local override; warning
    @(103.0000 mm, 89.0000 mm): Footprint LED17
[lib_footprint_issues]: The current configuration does not include the footprint library 'stdlib_kicad-footprints_Capacitor_SMD'
    Local override; warning
    @(107.0000 mm, 82.8000 mm): Footprint C20
[lib_footprint_issues]: The current configuration does not include the footprint library 'stdlib_kicad-footprints_Capacitor_SMD'
    Local override; warning
    @(89.0000 mm, 70.5000 mm): Footprint C11
[lib_footprint_issues]: The current configuration does not include the footprint library 'embedr_ai_pendant_recorder_components_ws2812c-2020-v1'
    Local override; warning
    @(95.0000 mm, 89.0000 mm): Footprint LED19
[lib_footprint_issues]: The current configuration does not include the footprint library 'stdlib_kicad-footprints_Capacitor_SMD'
    Local override; warning
    @(91.0000 mm, 90.8000 mm): Footprint C34
[lib_footprint_issues]: The current configuration does not include the footprint library 'stdlib_kicad-footprints_Resistor_SMD'
    Local override; warning
    @(88.5000 mm, 73.5000 mm): Footprint R20
[lib_footprint_issues]: The current configuration does not include the footprint library 'stdlib_kicad-footprints_Resistor_SMD'
    Local override; warning
    @(110.0000 mm, 68.0000 mm): Footprint R25
[lib_footprint_issues]: The current configuration does not include the footprint library 'stdlib_kicad-footprints_Resistor_SMD'
    Local override; warning
    @(84.5000 mm, 72.0000 mm): Footprint R19
[lib_footprint_issues]: The current configuration does not include the footprint library 'embedr_ai_pendant_recorder_components_molex-104031-0811'
    Local override; warning
    @(88.6000 mm, 61.0000 mm): Footprint J4
[lib_footprint_issues]: The current configuration does not include the footprint library 'embedr_ai_pendant_recorder_components_ws2812c-2020-v1'
    Local override; warning
    @(103.0000 mm, 85.0000 mm): Footprint LED14
[lib_footprint_issues]: The current configuration does not include the footprint library 'embedr_ai_pendant_recorder_components_ws2812c-2020-v1'
    Local override; warning
    @(91.0000 mm, 81.0000 mm): Footprint LED10
[lib_footprint_issues]: The current configuration does not include the footprint library 'embedr_ai_pendant_recorder_components_ws2812c-2020-v1'
    Local override; warning
    @(103.0000 mm, 93.0000 mm): Footprint LED24
[lib_footprint_issues]: The current configuration does not include the footprint library 'embedr_ai_pendant_recorder_components_ws2812c-2020-v1'
    Local override; warning
    @(95.0000 mm, 85.0000 mm): Footprint LED12
[lib_footprint_issues]: The current configuration does not include the footprint library 'stdlib_kicad-footprints_TestPoint'
    Local override; warning
    @(88.5000 mm, 107.0000 mm): Footprint TP3
[lib_footprint_issues]: The current configuration does not include the footprint library 'stdlib_kicad-footprints_Capacitor_SMD'
    Local override; warning
    @(107.0000 mm, 90.8000 mm): Footprint C30
[lib_footprint_issues]: The current configuration does not include the footprint library 'embedr_ai_pendant_recorder_components_ws2812c-2020-v1'
    Local override; warning
    @(91.0000 mm, 89.0000 mm): Footprint LED20
[lib_footprint_issues]: The current configuration does not include the footprint library 'stdlib_kicad-footprints_Capacitor_SMD'
    Local override; warning
    @(113.0000 mm, 106.0000 mm): Footprint C44
[lib_footprint_issues]: The current configuration does not include the footprint library 'embedr_ai_pendant_recorder_components_xiao-base'
    Local override; warning
    @(88.0830 mm, 97.0000 mm): Footprint U1
[lib_footprint_issues]: The current configuration does not include the footprint library 'embedr_ai_pendant_recorder_components_jst-b2b-ph-k-s_assets'
    Local override; warning
    @(104.0000 mm, 49.0000 mm): Footprint J3
[lib_footprint_issues]: The current configuration does not include the footprint library 'embedr_ai_pendant_recorder_components_jst-b2b-ph-k-s_assets'
    Local override; warning
    @(94.0000 mm, 49.0000 mm): Footprint J1

** Found 4 unconnected pads **
[unconnected_items]: Missing connection between items
    Local override; error
    @(85.6800 mm, 93.6900 mm): Pad 5 [GND] of MK1 on F.Cu
    @(84.2000 mm, 95.3500 mm): Pad 4 [GND] of MK1 on F.Cu
[unconnected_items]: Missing connection between items
    Local override; error
    @(85.7750 mm, 92.0000 mm): Pad 2 [GND] of C9 on F.Cu
    @(85.6800 mm, 93.6900 mm): Pad 5 [GND] of MK1 on F.Cu
[unconnected_items]: Missing connection between items
    Local override; error
    @(88.2090 mm, 95.4260 mm): Track [GND] on F.Cu, length 2.6531 mm
    @(85.6800 mm, 93.6900 mm): Pad 5 [GND] of MK1 on F.Cu
[unconnected_items]: Missing connection between items
    Local override; error
    @(84.5000 mm, 76.0875 mm): Track [FG_SDA] on F.Cu, length 0.7263 mm
    @(84.6398 mm, 106.0192 mm): Track [FG_SDA] on In1.Cu, length 0.4648 mm

** Found 0 Footprint errors **

** Ignored checks **
    - Footprint has no courtyard defined
    - Track endpoint not centered on via
    - Tuning profile track geometries
    - Footprint doesn't match symbol's footprint filters
    - Footprint component type doesn't match footprint pads

** End of Report **
