** Drc report for layout.no-neckdown-completed.kicad_pcb **
** Created on 2026-09-21T09:27:38 **
** Report includes: Errors, Warnings **

** Found 120 DRC violations **
[shorting_items]: Items shorting two nets (nets GND and U4.NC_IMU_ASDx)
    Local override; error
    @(85.0000 mm, 77.5532 mm): Track [GND] on F.Cu, length 1.7463 mm
    @(83.8375 mm, 76.7500 mm): Pad 2 [U4.NC_IMU_ASDx] of U4 on F.Cu
[tracks_crossing]: Tracks crossing
    Local override; error
    @(85.2466 mm, 76.6267 mm): Track [V3V3] on F.Cu, length 1.0559 mm
    @(85.0000 mm, 77.5532 mm): Track [GND] on F.Cu, length 1.7463 mm
[tracks_crossing]: Tracks crossing
    Local override; error
    @(84.2250 mm, 92.9725 mm): Track [V3V3] on F.Cu, length 2.1046 mm
    @(85.7750 mm, 92.0000 mm): Track [GND] on F.Cu, length 1.6927 mm
[clearance]: Clearance violation ( clearance 0.2000 mm; actual 0.0534 mm)
    Local override; error
    @(85.0000 mm, 77.5532 mm): Track [GND] on F.Cu, length 1.7463 mm
    @(84.5000 mm, 77.9125 mm): Track [V3V3] on F.Cu, length 0.5392 mm
[solder_mask_bridge]: Front solder mask aperture bridges items with different nets
    Rule: board setup solder mask min width; error
    @(85.0000 mm, 77.5532 mm): Track [GND] on F.Cu, length 1.7463 mm
    @(83.8375 mm, 76.7500 mm): Pad 2 [U4.NC_IMU_ASDx] of U4 on F.Cu
[lib_footprint_issues]: The current configuration does not include the footprint library 'stdlib_kicad-footprints_Resistor_SMD'
    Local override; warning
    @(92.5000 mm, 73.5000 mm): Footprint R21
[lib_footprint_issues]: The current configuration does not include the footprint library 'stdlib_kicad-footprints_Capacitor_SMD'
    Local override; warning
    @(95.0000 mm, 82.8000 mm): Footprint C23
[lib_footprint_issues]: The current configuration does not include the footprint library 'stdlib_kicad-footprints_Resistor_SMD'
    Local override; warning
    @(113.0000 mm, 93.0000 mm): Footprint R1
[lib_footprint_issues]: The current configuration does not include the footprint library 'stdlib_kicad-footprints_Resistor_SMD'
    Local override; warning
    @(85.0000 mm, 109.5000 mm): Footprint R5
[lib_footprint_issues]: The current configuration does not include the footprint library 'embedr_ai_pendant_recorder_components_tps22918_assets'
    Local override; warning
    @(113.0000 mm, 100.5000 mm): Footprint U8
[lib_footprint_issues]: The current configuration does not include the footprint library 'stdlib_kicad-footprints_Capacitor_SMD'
    Local override; warning
    @(103.0000 mm, 86.8000 mm): Footprint C28
[lib_footprint_issues]: The current configuration does not include the footprint library 'stdlib_kicad-footprints_Resistor_SMD'
    Local override; warning
    @(88.0000 mm, 88.0000 mm): Footprint R23
[lib_footprint_issues]: The current configuration does not include the footprint library 'stdlib_kicad-footprints_Resistor_SMD'
    Local override; warning
    @(110.0000 mm, 76.0000 mm): Footprint R27
[lib_footprint_issues]: The current configuration does not include the footprint library 'embedr_ai_pendant_recorder_components_ws2812c-2020-v1'
    Local override; warning
    @(107.0000 mm, 77.0000 mm): Footprint LED5
[lib_footprint_issues]: The current configuration does not include the footprint library 'stdlib_kicad-footprints_Capacitor_SMD'
    Local override; warning
    @(109.0000 mm, 57.0000 mm): Footprint C7
[lib_footprint_issues]: The current configuration does not include the footprint library 'embedr_ai_pendant_recorder_components_ws2812c-2020-v1'
    Local override; warning
    @(103.0000 mm, 77.0000 mm): Footprint LED4
[lib_footprint_issues]: The current configuration does not include the footprint library 'stdlib_kicad-footprints_Capacitor_SMD'
    Local override; warning
    @(114.0000 mm, 73.5000 mm): Footprint C14
[lib_footprint_issues]: The current configuration does not include the footprint library 'stdlib_kicad-footprints_Resistor_SMD'
    Local override; warning
    @(110.0000 mm, 71.0000 mm): Footprint R26
[lib_footprint_issues]: The current configuration does not include the footprint library 'embedr_ai_pendant_recorder_components_ws2812c-2020-v1'
    Local override; warning
    @(107.0000 mm, 93.0000 mm): Footprint LED25
[lib_footprint_issues]: The current configuration does not include the footprint library 'stdlib_kicad-footprints_Capacitor_SMD'
    Local override; warning
    @(99.0000 mm, 86.8000 mm): Footprint C27
[lib_footprint_issues]: The current configuration does not include the footprint library 'stdlib_kicad-footprints_Capacitor_SMD'
    Local override; warning
    @(103.0000 mm, 90.8000 mm): Footprint C31
[lib_footprint_issues]: The current configuration does not include the footprint library 'embedr_ai_pendant_recorder_components_im69d130'
    Local override; warning
    @(85.0000 mm, 94.5000 mm): Footprint MK1
[lib_footprint_issues]: The current configuration does not include the footprint library 'stdlib_kicad-footprints_Capacitor_SMD'
    Local override; warning
    @(95.0000 mm, 94.8000 mm): Footprint C36
[lib_footprint_issues]: The current configuration does not include the footprint library 'stdlib_kicad-footprints_Capacitor_SMD'
    Local override; warning
    @(105.7000 mm, 54.0000 mm): Footprint C45
[lib_footprint_issues]: The current configuration does not include the footprint library 'embedr_ai_pendant_recorder_components_tps22918_assets'
    Local override; warning
    @(113.0000 mm, 109.0000 mm): Footprint U9
[lib_footprint_issues]: The current configuration does not include the footprint library 'stdlib_kicad-footprints_Capacitor_SMD'
    Local override; warning
    @(95.0000 mm, 86.8000 mm): Footprint C26
[lib_footprint_issues]: The current configuration does not include the footprint library 'embedr_ai_pendant_recorder_components_ws2812c-2020-v1'
    Local override; warning
    @(95.0000 mm, 81.0000 mm): Footprint LED9
[lib_footprint_issues]: The current configuration does not include the footprint library 'embedr_ai_pendant_recorder_components_tps61023_assets'
    Local override; warning
    @(113.0000 mm, 68.0000 mm): Footprint U5
[lib_footprint_issues]: The current configuration does not include the footprint library 'stdlib_kicad-footprints_Resistor_SMD'
    Local override; warning
    @(84.5000 mm, 69.5000 mm): Footprint R18
[lib_footprint_issues]: The current configuration does not include the footprint library 'embedr_ai_pendant_recorder_components_sn74cbtlv3245a'
    Local override; warning
    @(101.0000 mm, 65.0000 mm): Footprint U11
[lib_footprint_issues]: The current configuration does not include the footprint library 'stdlib_kicad-footprints_Capacitor_SMD'
    Local override; warning
    @(116.0000 mm, 102.5000 mm): Footprint C41
[lib_footprint_issues]: The current configuration does not include the footprint library 'stdlib_kicad-footprints_Resistor_SMD'
    Local override; warning
    @(85.0000 mm, 89.0000 mm): Footprint R16
[lib_footprint_issues]: The current configuration does not include the footprint library 'stdlib_kicad-footprints_Resistor_SMD'
    Local override; warning
    @(85.0000 mm, 107.0000 mm): Footprint R4
[lib_footprint_issues]: The current configuration does not include the footprint library 'embedr_ai_pendant_recorder_components_motor-diode'
    Local override; warning
    @(108.0000 mm, 54.0000 mm): Footprint D1
[lib_footprint_issues]: The current configuration does not include the footprint library 'stdlib_kicad-footprints_Capacitor_SMD'
    Local override; warning
    @(107.0000 mm, 94.8000 mm): Footprint C39
[lib_footprint_issues]: The current configuration does not include the footprint library 'embedr_ai_pendant_recorder_components_ws2812c-2020-v1'
    Local override; warning
    @(95.0000 mm, 77.0000 mm): Footprint LED2
[lib_footprint_issues]: The current configuration does not include the footprint library 'stdlib_kicad-footprints_Capacitor_SMD'
    Local override; warning
    @(91.0000 mm, 94.8000 mm): Footprint C35
[lib_footprint_issues]: The current configuration does not include the footprint library 'embedr_ai_pendant_recorder_components_ws2812c-2020-v1'
    Local override; warning
    @(91.0000 mm, 85.0000 mm): Footprint LED11
[lib_footprint_issues]: The current configuration does not include the footprint library 'stdlib_kicad-footprints_Resistor_SMD'
    Local override; warning
    @(107.0000 mm, 65.0000 mm): Footprint R7
[lib_footprint_issues]: The current configuration does not include the footprint library 'embedr_ai_pendant_recorder_components_ao3400a_assets'
    Local override; warning
    @(107.0000 mm, 61.0000 mm): Footprint Q1
[lib_footprint_issues]: The current configuration does not include the footprint library 'stdlib_kicad-footprints_Capacitor_SMD'
    Local override; warning
    @(116.0000 mm, 54.0000 mm): Footprint C8
[lib_footprint_issues]: The current configuration does not include the footprint library 'stdlib_kicad-footprints_Resistor_SMD'
    Local override; warning
    @(87.0000 mm, 98.0000 mm): Footprint R29
[lib_footprint_issues]: The current configuration does not include the footprint library 'stdlib_kicad-footprints_Resistor_SMD'
    Local override; warning
    @(93.0000 mm, 70.5000 mm): Footprint R17
[lib_footprint_issues]: The current configuration does not include the footprint library 'stdlib_kicad-footprints_Capacitor_SMD'
    Local override; warning
    @(95.0000 mm, 78.8000 mm): Footprint C16
[lib_footprint_issues]: The current configuration does not include the footprint library 'embedr_ai_pendant_recorder_components_ws2812c-2020-v1'
    Local override; warning
    @(99.0000 mm, 93.0000 mm): Footprint LED23
[lib_footprint_issues]: The current configuration does not include the footprint library 'stdlib_kicad-footprints_Capacitor_SMD'
    Local override; warning
    @(91.0000 mm, 78.8000 mm): Footprint C15
[lib_footprint_issues]: The current configuration does not include the footprint library 'stdlib_kicad-footprints_Resistor_SMD'
    Local override; warning
    @(96.0000 mm, 73.5000 mm): Footprint R22
[lib_footprint_issues]: The current configuration does not include the footprint library 'stdlib_kicad-footprints_Capacitor_SMD'
    Local override; warning
    @(116.0000 mm, 111.0000 mm): Footprint C42
[lib_footprint_issues]: The current configuration does not include the footprint library 'embedr_ai_pendant_recorder_components_sn74cbtlv3245a'
    Local override; warning
    @(101.0000 mm, 56.0000 mm): Footprint U10
[lib_footprint_issues]: The current configuration does not include the footprint library 'stdlib_kicad-footprints_Capacitor_SMD'
    Local override; warning
    @(107.0000 mm, 86.8000 mm): Footprint C29
[lib_footprint_issues]: The current configuration does not include the footprint library 'stdlib_kicad-footprints_Capacitor_SMD'
    Local override; warning
    @(88.5000 mm, 77.0000 mm): Footprint C5
[lib_footprint_issues]: The current configuration does not include the footprint library 'embedr_ai_pendant_recorder_components_xel4030-102mec'
    Local override; warning
    @(114.0000 mm, 64.0000 mm): Footprint L1
[lib_footprint_issues]: The current configuration does not include the footprint library 'stdlib_kicad-footprints_Capacitor_SMD'
    Local override; warning
    @(99.0000 mm, 94.8000 mm): Footprint C37
[lib_footprint_issues]: The current configuration does not include the footprint library 'stdlib_kicad-footprints_Capacitor_SMD'
    Local override; warning
    @(99.0000 mm, 78.8000 mm): Footprint C17
[lib_footprint_issues]: The current configuration does not include the footprint library 'embedr_ai_pendant_recorder_components_ws2812c-2020-v1'
    Local override; warning
    @(95.0000 mm, 93.0000 mm): Footprint LED22
[lib_footprint_issues]: The current configuration does not include the footprint library 'stdlib_kicad-footprints_Capacitor_SMD'
    Local override; warning
    @(103.5000 mm, 60.5000 mm): Footprint C46
[lib_footprint_issues]: The current configuration does not include the footprint library 'stdlib_kicad-footprints_Capacitor_SMD'
    Local override; warning
    @(99.0000 mm, 82.8000 mm): Footprint C22
[lib_footprint_issues]: The current configuration does not include the footprint library 'stdlib_kicad-footprints_Capacitor_SMD'
    Local override; warning
    @(110.0000 mm, 64.0000 mm): Footprint C12
[lib_footprint_issues]: The current configuration does not include the footprint library 'stdlib_kicad-footprints_Resistor_SMD'
    Local override; warning
    @(110.0000 mm, 79.0000 mm): Footprint R28
[lib_footprint_issues]: The current configuration does not include the footprint library 'stdlib_kicad-footprints_Capacitor_SMD'
    Local override; warning
    @(103.0000 mm, 82.8000 mm): Footprint C21
[lib_footprint_issues]: The current configuration does not include the footprint library 'stdlib_kicad-footprints_MountingHole'
    Local override; warning
    @(85.5000 mm, 47.5000 mm): Footprint H1
[lib_footprint_issues]: The current configuration does not include the footprint library 'embedr_ai_pendant_recorder_components_ws2812c-2020-v1'
    Local override; warning
    @(107.0000 mm, 85.0000 mm): Footprint LED15
[lib_footprint_issues]: The current configuration does not include the footprint library 'stdlib_kicad-footprints_Capacitor_SMD'
    Local override; warning
    @(99.0000 mm, 90.8000 mm): Footprint C32
[lib_footprint_issues]: The current configuration does not include the footprint library 'embedr_ai_pendant_recorder_components_max17048g-t10_assets'
    Local override; warning
    @(85.5000 mm, 52.0000 mm): Footprint U3
[lib_footprint_issues]: The current configuration does not include the footprint library 'stdlib_kicad-footprints_Capacitor_SMD'
    Local override; warning
    @(99.8000 mm, 48.5000 mm): Footprint C2
[lib_footprint_issues]: The current configuration does not include the footprint library 'stdlib_kicad-footprints_Capacitor_SMD'
    Local override; warning
    @(103.0000 mm, 78.8000 mm): Footprint C18
[lib_footprint_issues]: The current configuration does not include the footprint library 'embedr_ai_pendant_recorder_components_ws2812c-2020-v1'
    Local override; warning
    @(107.0000 mm, 81.0000 mm): Footprint LED6
[lib_footprint_issues]: The current configuration does not include the footprint library 'stdlib_kicad-footprints_Capacitor_SMD'
    Local override; warning
    @(91.0000 mm, 86.8000 mm): Footprint C25
[lib_footprint_issues]: The current configuration does not include the footprint library 'stdlib_kicad-footprints_Capacitor_SMD'
    Local override; warning
    @(116.8000 mm, 77.0000 mm): Footprint C40
[lib_footprint_issues]: The current configuration does not include the footprint library 'embedr_ai_pendant_recorder_components_ws2812c-2020-v1'
    Local override; warning
    @(99.0000 mm, 81.0000 mm): Footprint LED8
[lib_footprint_issues]: The current configuration does not include the footprint library 'embedr_ai_pendant_recorder_components_ws2812c-2020-v1'
    Local override; warning
    @(99.0000 mm, 77.0000 mm): Footprint LED3
[lib_footprint_issues]: The current configuration does not include the footprint library 'stdlib_kicad-footprints_Capacitor_SMD'
    Local override; warning
    @(116.2000 mm, 68.0000 mm): Footprint C13
[lib_footprint_issues]: The current configuration does not include the footprint library 'stdlib_kicad-footprints_Capacitor_SMD'
    Local override; warning
    @(90.0000 mm, 49.0000 mm): Footprint C1
[lib_footprint_issues]: The current configuration does not include the footprint library 'stdlib_kicad-footprints_MountingHole'
    Local override; warning
    @(114.5000 mm, 116.5000 mm): Footprint H4
[lib_footprint_issues]: The current configuration does not include the footprint library 'embedr_ai_pendant_recorder_components_ws2812c-2020-v1'
    Local override; warning
    @(91.0000 mm, 93.0000 mm): Footprint LED21
[lib_footprint_issues]: The current configuration does not include the footprint library 'stdlib_kicad-footprints_Resistor_SMD'
    Local override; warning
    @(107.0000 mm, 68.0000 mm): Footprint R8
[lib_footprint_issues]: The current configuration does not include the footprint library 'stdlib_kicad-footprints_Capacitor_SMD'
    Local override; warning
    @(95.0000 mm, 90.8000 mm): Footprint C33
[lib_footprint_issues]: The current configuration does not include the footprint library 'stdlib_kicad-footprints_Capacitor_SMD'
    Local override; warning
    @(85.0000 mm, 92.0000 mm): Footprint C9
[lib_footprint_issues]: The current configuration does not include the footprint library 'embedr_ai_pendant_recorder_components_ws2812c-2020-v1'
    Local override; warning
    @(91.0000 mm, 77.0000 mm): Footprint LED1
[lib_footprint_issues]: The current configuration does not include the footprint library 'embedr_ai_pendant_recorder_components_ck-js202011aqn_assets'
    Local override; warning
    @(113.3000 mm, 86.0000 mm): Footprint SW2
[lib_footprint_issues]: The current configuration does not include the footprint library 'embedr_ai_pendant_recorder_components_tps22918_assets'
    Local override; warning
    @(114.0000 mm, 76.5000 mm): Footprint U7
[lib_footprint_issues]: The current configuration does not include the footprint library 'stdlib_kicad-footprints_Capacitor_SMD'
    Local override; warning
    @(91.0000 mm, 82.8000 mm): Footprint C24
[lib_footprint_issues]: The current configuration does not include the footprint library 'embedr_ai_pendant_recorder_components_ws2812c-2020-v1'
    Local override; warning
    @(103.0000 mm, 81.0000 mm): Footprint LED7
[lib_footprint_issues]: The current configuration does not include the footprint library 'stdlib_kicad-footprints_TestPoint'
    Local override; warning
    @(88.5000 mm, 110.0000 mm): Footprint TP4
[lib_footprint_issues]: The current configuration does not include the footprint library 'embedr_ai_pendant_recorder_components_ws2812c-2020-v1'
    Local override; warning
    @(107.0000 mm, 89.0000 mm): Footprint LED16
[lib_footprint_issues]: The current configuration does not include the footprint library 'embedr_ai_pendant_recorder_components_ws2812c-2020-v1'
    Local override; warning
    @(99.0000 mm, 89.0000 mm): Footprint LED18
[lib_footprint_issues]: The current configuration does not include the footprint library 'embedr_ai_pendant_recorder_components_ao3400a_assets'
    Local override; warning
    @(87.0000 mm, 101.0000 mm): Footprint Q2
[lib_footprint_issues]: The current configuration does not include the footprint library 'stdlib_kicad-footprints_Resistor_SMD'
    Local override; warning
    @(87.0000 mm, 104.0000 mm): Footprint R30
[lib_footprint_issues]: The current configuration does not include the footprint library 'embedr_ai_pendant_recorder_components_bmi270'
    Local override; warning
    @(85.0000 mm, 77.0000 mm): Footprint U4
[lib_footprint_issues]: The current configuration does not include the footprint library 'stdlib_kicad-footprints_Capacitor_SMD'
    Local override; warning
    @(103.0000 mm, 94.8000 mm): Footprint C38
[lib_footprint_issues]: The current configuration does not include the footprint library 'stdlib_kicad-footprints_Capacitor_SMD'
    Local override; warning
    @(96.0000 mm, 60.0000 mm): Footprint C10
[lib_footprint_issues]: The current configuration does not include the footprint library 'stdlib_kicad-footprints_Capacitor_SMD'
    Local override; warning
    @(113.0000 mm, 103.5000 mm): Footprint C43
[lib_footprint_issues]: The current configuration does not include the footprint library 'stdlib_kicad-footprints_Capacitor_SMD'
    Local override; warning
    @(89.0000 mm, 52.0000 mm): Footprint C3
[lib_footprint_issues]: The current configuration does not include the footprint library 'embedr_ai_pendant_recorder_components_motor-ldo'
    Local override; warning
    @(113.0000 mm, 57.0000 mm): Footprint U6
[lib_footprint_issues]: The current configuration does not include the footprint library 'stdlib_kicad-footprints_Capacitor_SMD'
    Local override; warning
    @(107.0000 mm, 78.8000 mm): Footprint C19
[lib_footprint_issues]: The current configuration does not include the footprint library 'stdlib_kicad-footprints_Capacitor_SMD'
    Local override; warning
    @(85.0000 mm, 80.5000 mm): Footprint C4
[lib_footprint_issues]: The current configuration does not include the footprint library 'stdlib_kicad-footprints_MountingHole'
    Local override; warning
    @(84.9000 mm, 116.5000 mm): Footprint H3
[lib_footprint_issues]: The current configuration does not include the footprint library 'stdlib_kicad-footprints_MountingHole'
    Local override; warning
    @(114.5000 mm, 47.5000 mm): Footprint H2
[lib_footprint_issues]: The current configuration does not include the footprint library 'embedr_ai_pendant_recorder_components_pts841gksmtr'
    Local override; warning
    @(113.0000 mm, 96.0000 mm): Footprint SW1
[lib_footprint_issues]: The current configuration does not include the footprint library 'embedr_ai_pendant_recorder_components_ws2812c-2020-v1'
    Local override; warning
    @(99.0000 mm, 85.0000 mm): Footprint LED13
[lib_footprint_issues]: The current configuration does not include the footprint library 'embedr_ai_pendant_recorder_components_ws2812c-2020-v1'
    Local override; warning
    @(103.0000 mm, 89.0000 mm): Footprint LED17
[lib_footprint_issues]: The current configuration does not include the footprint library 'stdlib_kicad-footprints_Capacitor_SMD'
    Local override; warning
    @(107.0000 mm, 82.8000 mm): Footprint C20
[lib_footprint_issues]: The current configuration does not include the footprint library 'stdlib_kicad-footprints_Capacitor_SMD'
    Local override; warning
    @(89.0000 mm, 70.5000 mm): Footprint C11
[lib_footprint_issues]: The current configuration does not include the footprint library 'embedr_ai_pendant_recorder_components_ws2812c-2020-v1'
    Local override; warning
    @(95.0000 mm, 89.0000 mm): Footprint LED19
[lib_footprint_issues]: The current configuration does not include the footprint library 'stdlib_kicad-footprints_Capacitor_SMD'
    Local override; warning
    @(91.0000 mm, 90.8000 mm): Footprint C34
[lib_footprint_issues]: The current configuration does not include the footprint library 'stdlib_kicad-footprints_Resistor_SMD'
    Local override; warning
    @(88.5000 mm, 73.5000 mm): Footprint R20
[lib_footprint_issues]: The current configuration does not include the footprint library 'stdlib_kicad-footprints_Resistor_SMD'
    Local override; warning
    @(110.0000 mm, 68.0000 mm): Footprint R25
[lib_footprint_issues]: The current configuration does not include the footprint library 'stdlib_kicad-footprints_Resistor_SMD'
    Local override; warning
    @(84.5000 mm, 72.0000 mm): Footprint R19
[lib_footprint_issues]: The current configuration does not include the footprint library 'embedr_ai_pendant_recorder_components_molex-104031-0811'
    Local override; warning
    @(88.6000 mm, 61.0000 mm): Footprint J4
[lib_footprint_issues]: The current configuration does not include the footprint library 'embedr_ai_pendant_recorder_components_ws2812c-2020-v1'
    Local override; warning
    @(103.0000 mm, 85.0000 mm): Footprint LED14
[lib_footprint_issues]: The current configuration does not include the footprint library 'embedr_ai_pendant_recorder_components_ws2812c-2020-v1'
    Local override; warning
    @(91.0000 mm, 81.0000 mm): Footprint LED10
[lib_footprint_issues]: The current configuration does not include the footprint library 'embedr_ai_pendant_recorder_components_ws2812c-2020-v1'
    Local override; warning
    @(103.0000 mm, 93.0000 mm): Footprint LED24
[lib_footprint_issues]: The current configuration does not include the footprint library 'embedr_ai_pendant_recorder_components_ws2812c-2020-v1'
    Local override; warning
    @(95.0000 mm, 85.0000 mm): Footprint LED12
[lib_footprint_issues]: The current configuration does not include the footprint library 'stdlib_kicad-footprints_TestPoint'
    Local override; warning
    @(88.5000 mm, 107.0000 mm): Footprint TP3
[lib_footprint_issues]: The current configuration does not include the footprint library 'stdlib_kicad-footprints_Capacitor_SMD'
    Local override; warning
    @(107.0000 mm, 90.8000 mm): Footprint C30
[lib_footprint_issues]: The current configuration does not include the footprint library 'embedr_ai_pendant_recorder_components_ws2812c-2020-v1'
    Local override; warning
    @(91.0000 mm, 89.0000 mm): Footprint LED20
[lib_footprint_issues]: The current configuration does not include the footprint library 'stdlib_kicad-footprints_Capacitor_SMD'
    Local override; warning
    @(113.0000 mm, 106.0000 mm): Footprint C44
[lib_footprint_issues]: The current configuration does not include the footprint library 'embedr_ai_pendant_recorder_components_xiao-base'
    Local override; warning
    @(88.0830 mm, 97.0000 mm): Footprint U1
[lib_footprint_issues]: The current configuration does not include the footprint library 'embedr_ai_pendant_recorder_components_jst-b2b-ph-k-s_assets'
    Local override; warning
    @(104.0000 mm, 49.0000 mm): Footprint J3
[lib_footprint_issues]: The current configuration does not include the footprint library 'embedr_ai_pendant_recorder_components_jst-b2b-ph-k-s_assets'
    Local override; warning
    @(94.0000 mm, 49.0000 mm): Footprint J1

** Found 0 unconnected pads **

** Found 0 Footprint errors **

** Ignored checks **
    - Footprint has no courtyard defined
    - Track endpoint not centered on via
    - Tuning profile track geometries
    - Footprint doesn't match symbol's footprint filters
    - Footprint component type doesn't match footprint pads

** End of Report **
